Archive member included to satisfy reference by file (symbol)

c:/program files/microchip/xc32/v3.01/bin/bin/../../lib/gcc/pic32c/8.3.1/../../../../pic32c/lib/thumb/v6-m/nofp\libpic32c.a(data_init.o)
                              build/default/production/_ext/1171490990/startup_xc32.o (__pic32c_data_initialization)
c:/program files/microchip/xc32/v3.01/bin/bin/../../lib/gcc/pic32c/8.3.1/thumb/v6-m/nofp\libgcc.a(_aeabi_uldivmod.o)
                              build/default/production/_ext/504274921/plib_sercom5_usart.o (__aeabi_uldivmod)
c:/program files/microchip/xc32/v3.01/bin/bin/../../lib/gcc/pic32c/8.3.1/thumb/v6-m/nofp\libgcc.a(_udivmoddi4.o)
                              c:/program files/microchip/xc32/v3.01/bin/bin/../../lib/gcc/pic32c/8.3.1/thumb/v6-m/nofp\libgcc.a(_aeabi_uldivmod.o) (__udivmoddi4)
c:/program files/microchip/xc32/v3.01/bin/bin/../../lib/gcc/pic32c/8.3.1/thumb/v6-m/nofp\libgcc.a(_dvmd_tls.o)
                              c:/program files/microchip/xc32/v3.01/bin/bin/../../lib/gcc/pic32c/8.3.1/thumb/v6-m/nofp\libgcc.a(_aeabi_uldivmod.o) (__aeabi_ldiv0)
c:/program files/microchip/xc32/v3.01/bin/bin/../../lib/gcc/pic32c/8.3.1/thumb/v6-m/nofp\libgcc.a(_clzdi2.o)
                              c:/program files/microchip/xc32/v3.01/bin/bin/../../lib/gcc/pic32c/8.3.1/thumb/v6-m/nofp\libgcc.a(_udivmoddi4.o) (__clzdi2)
c:/program files/microchip/xc32/v3.01/bin/bin/../../lib/gcc/pic32c/8.3.1/thumb/v6-m/nofp\libgcc.a(_clzsi2.o)
                              c:/program files/microchip/xc32/v3.01/bin/bin/../../lib/gcc/pic32c/8.3.1/thumb/v6-m/nofp\libgcc.a(_clzdi2.o) (__clzsi2)
c:/program files/microchip/xc32/v3.01/bin/bin/../../lib/gcc/pic32c/8.3.1/../../../../pic32c/lib/thumb/v6-m/nofp\libc_nano.a(_lib_a-sprintf.cdnopuxX.o)
                              (_sprintf_cdnopuxX)
c:/program files/microchip/xc32/v3.01/bin/bin/../../lib/gcc/pic32c/8.3.1/../../../../pic32c/lib/thumb/v6-m/nofp\libc_nano.a(lib_a-init.o)
                              build/default/production/_ext/1171490990/startup_xc32.o (__libc_init_array)
c:/program files/microchip/xc32/v3.01/bin/bin/../../lib/gcc/pic32c/8.3.1/../../../../pic32c/lib/thumb/v6-m/nofp\libc_nano.a(lib_a-memcpy-stub.o)
                              build/default/production/_ext/1593096446/plib_nvmctrl.o (memcpy)
c:/program files/microchip/xc32/v3.01/bin/bin/../../lib/gcc/pic32c/8.3.1/../../../../pic32c/lib/thumb/v6-m/nofp\libc_nano.a(lib_a-memset.o)
                              build/default/production/_ext/404212886/FreeRTOS_tasks.o (memset)
c:/program files/microchip/xc32/v3.01/bin/bin/../../lib/gcc/pic32c/8.3.1/../../../../pic32c/lib/thumb/v6-m/nofp\libc_nano.a(lib_a-strlen.o)
                              build/default/production/_ext/1360937237/app1.o (strlen)
c:/program files/microchip/xc32/v3.01/bin/bin/../../lib/gcc/pic32c/8.3.1/../../../../pic32c/lib/thumb/v6-m/nofp\libc_nano.a(_lib_a-nano-vfprintf.cdnopuxX.o)
                              c:/program files/microchip/xc32/v3.01/bin/bin/../../lib/gcc/pic32c/8.3.1/../../../../pic32c/lib/thumb/v6-m/nofp\libc_nano.a(_lib_a-sprintf.cdnopuxX.o) (_vfprintf_cdnopuxX)
c:/program files/microchip/xc32/v3.01/bin/bin/../../lib/gcc/pic32c/8.3.1/../../../../pic32c/lib/thumb/v6-m/nofp\libc_nano.a(lib_a-__ssfputs.o)
                              c:/program files/microchip/xc32/v3.01/bin/bin/../../lib/gcc/pic32c/8.3.1/../../../../pic32c/lib/thumb/v6-m/nofp\libc_nano.a(_lib_a-nano-vfprintf.cdnopuxX.o) (__ssfputs_r)
c:/program files/microchip/xc32/v3.01/bin/bin/../../lib/gcc/pic32c/8.3.1/../../../../pic32c/lib/thumb/v6-m/nofp\libc_nano.a(lib_a-findfp.o)
                              c:/program files/microchip/xc32/v3.01/bin/bin/../../lib/gcc/pic32c/8.3.1/../../../../pic32c/lib/thumb/v6-m/nofp\libc_nano.a(_lib_a-nano-vfprintf.cdnopuxX.o) (__sinit)
c:/program files/microchip/xc32/v3.01/bin/bin/../../lib/gcc/pic32c/8.3.1/../../../../pic32c/lib/thumb/v6-m/nofp\libc_nano.a(lib_a-fputwc.o)
                              c:/program files/microchip/xc32/v3.01/bin/bin/../../lib/gcc/pic32c/8.3.1/../../../../pic32c/lib/thumb/v6-m/nofp\libc_nano.a(lib_a-__ssfputs.o) (_fputwc_r)
c:/program files/microchip/xc32/v3.01/bin/bin/../../lib/gcc/pic32c/8.3.1/../../../../pic32c/lib/thumb/v6-m/nofp\libc_nano.a(lib_a-fwalk.o)
                              c:/program files/microchip/xc32/v3.01/bin/bin/../../lib/gcc/pic32c/8.3.1/../../../../pic32c/lib/thumb/v6-m/nofp\libc_nano.a(lib_a-findfp.o) (_fwalk_reent)
c:/program files/microchip/xc32/v3.01/bin/bin/../../lib/gcc/pic32c/8.3.1/../../../../pic32c/lib/thumb/v6-m/nofp\libc_nano.a(lib_a-impure.o)
                              c:/program files/microchip/xc32/v3.01/bin/bin/../../lib/gcc/pic32c/8.3.1/../../../../pic32c/lib/thumb/v6-m/nofp\libc_nano.a(lib_a-findfp.o) (_global_impure_ptr)
c:/program files/microchip/xc32/v3.01/bin/bin/../../lib/gcc/pic32c/8.3.1/../../../../pic32c/lib/thumb/v6-m/nofp\libc_nano.a(lib_a-locale.o)
[...]
Memory Configuration

Name             Origin             Length             Attributes
rom              0x00000000         0x00040000         xrl
ram              0x20000000         0x00008000         xw !r
config_00804000  0x00804000         0x00000004
config_00804004  0x00804004         0x00000004
*default*        0x00000000         0xffffffff

Linker script and memory map

LOAD c:/program files/microchip/xc32/v3.01/bin/bin/../../lib/gcc/pic32c/8.3.1/thumb/v6-m/nofp/crti.o
LOAD c:/program files/microchip/xc32/v3.01/bin/bin/../../lib/gcc/pic32c/8.3.1/thumb/v6-m/nofp/crtbegin.o
LOAD build/default/production/_ext/869808652/drv_usart.o
LOAD build/default/production/_ext/1529399856/osal_freertos.o
LOAD build/default/production/_ext/1984496892/plib_clock.o
LOAD build/default/production/_ext/1986646378/plib_evsys.o
LOAD build/default/production/_ext/1865468468/plib_nvic.o
LOAD build/default/production/_ext/1593096446/plib_nvmctrl.o
LOAD build/default/production/_ext/1865521619/plib_port.o
LOAD build/default/production/_ext/504274921/plib_sercom5_usart.o
LOAD build/default/production/_ext/163028504/xc32_monitor.o
LOAD build/default/production/_ext/14461671/sys_dma.o
LOAD build/default/production/_ext/1881668453/sys_int.o
LOAD build/default/production/_ext/1171490990/initialization.o
LOAD build/default/production/_ext/1171490990/interrupts.o
LOAD build/default/production/_ext/1171490990/exceptions.o
LOAD build/default/production/_ext/1171490990/startup_xc32.o
LOAD build/default/production/_ext/1171490990/libc_syscalls.o
LOAD build/default/production/_ext/1171490990/freertos_hooks.o
LOAD build/default/production/_ext/1171490990/tasks.o
LOAD build/default/production/_ext/1624415188/port.o
LOAD build/default/production/_ext/1665200909/heap_1.o
LOAD build/default/production/_ext/404212886/croutine.o
LOAD build/default/production/_ext/404212886/list.o
LOAD build/default/production/_ext/404212886/queue.o
LOAD build/default/production/_ext/404212886/FreeRTOS_tasks.o
LOAD build/default/production/_ext/404212886/timers.o
LOAD build/default/production/_ext/404212886/event_groups.o
LOAD build/default/production/_ext/404212886/stream_buffer.o
LOAD build/default/production/_ext/1360937237/main_d21.o
LOAD build/default/production/_ext/1360937237/app1.o
LOAD build/default/production/_ext/1360937237/app2.o
LOAD build/default/production/_ext/1360937237/app3.o
LOAD build/default/production/_ext/829342655/plib_tc5.o
LOAD build/default/production/_ext/829342655/plib_tc4.o
                0x00000001                __MPLAB_BUILD = 0x1
                0x00040000                __rom_end = (ORIGIN (rom) + LENGTH (rom))
                0x20008000                __ram_end = (ORIGIN (ram) + LENGTH (ram))

.config_00804000
                0x00804000        0x4
 *(.config_00804000)
 .config_00804000
                0x00804000        0x4 build/default/production/_ext/1171490990/initialization.o
                0x00804000                __config_00804000

.config_00804004
                0x00804004        0x4
 *(.config_00804004)
 .config_00804004
                0x00804004        0x4 build/default/production/_ext/1171490990/initialization.o
                0x00804004                __config_00804004

.vectors        0x00000000       0xb0
                0x00000000                . = ALIGN (0x4)
                0x00000000                _sfixed = .
 *(.vectors .vectors.* .vectors_default .vectors_default.*)
 .vectors       0x00000000       0xb0 build/default/production/_ext/1171490990/interrupts.o
                0x00000000                exception_table
 *(.isr_vector)
 *(.reset*)
 *(.after_vectors)

.text           0x000000b0       0x20
                0x000000b0                . = ALIGN (0x4)
 *(.glue_7t)
 .glue_7t       0x000000b0        0x0 linker stubs
 *(.glue_7)
 .glue_7        0x000000b0        0x0 linker stubs
 *(.gnu.linkonce.r.*)
 *(.ARM.extab* .gnu.linkonce.armextab.*)
                0x000000b0                . = ALIGN (0x4)
 *(.init)
 .init          0x000000b0        0x4 c:/program files/microchip/xc32/v3.01/bin/bin/../../lib/gcc/pic32c/8.3.1/thumb/v6-m/nofp/crti.o
                0x000000b0                _init
 .init          0x000000b4        0x8 c:/program files/microchip/xc32/v3.01/bin/bin/../../lib/gcc/pic32c/8.3.1/thumb/v6-m/nofp/crtn.o
                0x000000bc                . = ALIGN (0x4)
                0x000000bc                __preinit_array_start = .
 *(.preinit_array)
                0x000000bc                __preinit_array_end = .
                0x000000bc                . = ALIGN (0x4)
                0x000000bc                __init_array_start = .
 *(SORT_BY_NAME(.init_array.*))
 *(.init_array)
 .init_array    0x000000bc        0x4 c:/program files/microchip/xc32/v3.01/bin/bin/../../lib/gcc/pic32c/8.3.1/thumb/v6-m/nofp/crtbegin.o
                0x000000c0                __init_array_end = .
                0x000000c0                . = ALIGN (0x4)
 *crtbegin.o(.ctors)
 *(EXCLUDE_FILE(*crtend.o) .ctors)
 *(SORT_BY_NAME(.ctors.*))
 *crtend.o(.ctors)
                0x000000c0                . = ALIGN (0x4)
 *(.fini)
 .fini          0x000000c0        0x4 c:/program files/microchip/xc32/v3.01/bin/bin/../../lib/gcc/pic32c/8.3.1/thumb/v6-m/nofp/crti.o
                0x000000c0                _fini
 .fini          0x000000c4        0x8 c:/program files/microchip/xc32/v3.01/bin/bin/../../lib/gcc/pic32c/8.3.1/thumb/v6-m/nofp/crtn.o
                0x000000cc                . = ALIGN (0x4)
                0x000000cc                __fini_array_start = .
 *(.fini_array)
 .fini_array    0x000000cc        0x4 c:/program files/microchip/xc32/v3.01/bin/bin/../../lib/gcc/pic32c/8.3.1/thumb/v6-m/nofp/crtbegin.o
 *(SORT_BY_NAME(.fini_array.*))
                0x000000d0                __fini_array_end = .
 *crtbegin.o(.dtors)
 *(EXCLUDE_FILE(*crtend.o) .dtors)
 *(SORT_BY_NAME(.dtors.*))
 *crtend.o(.dtors)
                0x000000d0                . = ALIGN (0x4)
                0x000000d0                _efixed = .
                [!provide]                PROVIDE (__exidx_start = .)

.ARM.exidx      0x000000d0        0x8
 *(.ARM.exidx* .gnu.linkonce.armexidx.*)
 .ARM.exidx     0x000000d0        0x8 c:/program files/microchip/xc32/v3.01/bin/bin/../../lib/gcc/pic32c/8.3.1/thumb/v6-m/nofp\libgcc.a(_udivmoddi4.o)
                [!provide]                PROVIDE (__exidx_end = .)
                0x000000d8                . = ALIGN (0x4)
                0x000000d8                _etext = .

.bss            0x20000000        0x4
                0x20000000                . = ALIGN (0x4)
                0x20000000                __bss_start__ = .
                0x20000000                _sbss = .
                0x20000000                _szero = .
 *(COMMON)
 COMMON         0x20000000        0x4 c:/program files/microchip/xc32/v3.01/bin/bin/../../lib/gcc/pic32c/8.3.1/../../../../pic32c/lib/thumb/v6-m/nofp\libc_nano.a(lib_a-reent.o)
                0x20000000                errno
                0x20000004                . = ALIGN (0x4)
                0x20000004                __bss_end__ = .
                0x20000004                _ebss = .
                0x20000004                _ezero = .
                0x20000004                . = ALIGN (0x4)
                0x20000004                _end = .
                0x20007fff                _ram_end_ = ((ORIGIN (ram) + LENGTH (ram)) - 0x1)
                0x00000200                _min_heap_size = 0x200
START GROUP
LOAD c:/program files/microchip/xc32/v3.01/bin/bin/../../lib/gcc/pic32c/8.3.1/../../../../pic32c/lib/thumb/v6-m/nofp\libpic32c.a
LOAD c:/program files/microchip/xc32/v3.01/bin/bin/../../lib/gcc/pic32c/8.3.1/thumb/v6-m/nofp\libgcc.a
LOAD c:/program files/microchip/xc32/v3.01/bin/bin/../../lib/gcc/pic32c/8.3.1/../../../../pic32c/lib/thumb/v6-m/nofp\libm_nano.a
LOAD c:/program files/microchip/xc32/v3.01/bin/bin/../../lib/gcc/pic32c/8.3.1/../../../../pic32c/lib/thumb/v6-m/nofp\libc_nano.a
END GROUP
LOAD c:/program files/microchip/xc32/v3.01/bin/bin/../../lib/gcc/pic32c/8.3.1/thumb/v6-m/nofp/crtend.o
LOAD c:/program files/microchip/xc32/v3.01/bin/bin/../../lib/gcc/pic32c/8.3.1/thumb/v6-m/nofp/crtn.o
OUTPUT(dist/default/production/samd21_app045_freertos.X.production.elf elf32-littlearm)
LOAD stack
LOAD data_init

.ARM.attributes
                0x00000000       0x28
 .ARM.attributes
                0x00000000       0x1e c:/program files/microchip/xc32/v3.01/bin/bin/../../lib/gcc/pic32c/8.3.1/thumb/v6-m/nofp/crti.o
 .ARM.attributes
                0x0000001e       0x2c c:/program files/microchip/xc32/v3.01/bin/bin/../../lib/gcc/pic32c/8.3.1/thumb/v6-m/nofp/crtbegin.o
 .ARM.attributes
                0x0000004a       0x2c build/default/production/_ext/869808652/drv_usart.o
 .ARM.attributes
                0x00000076       0x2c build/default/production/_ext/1529399856/osal_freertos.o
 .ARM.attributes
                0x000000a2       0x2c build/default/production/_ext/1984496892/plib_clock.o
 .ARM.attributes
                0x000000ce       0x2c build/default/production/_ext/1986646378/plib_evsys.o
 .ARM.attributes
                0x000000fa       0x2c build/default/production/_ext/1865468468/plib_nvic.o
 .ARM.attributes
                0x00000126       0x2c build/default/production/_ext/1593096446/plib_nvmctrl.o
 .ARM.attributes
                0x00000152       0x2c build/default/production/_ext/1865521619/plib_port.o
 .ARM.attributes
                0x0000017e       0x2c build/default/production/_ext/504274921/plib_sercom5_usart.o
 .ARM.attributes
                0x000001aa       0x2c build/default/production/_ext/163028504/xc32_monitor.o
 .ARM.attributes
                0x000001d6       0x2c build/default/production/_ext/14461671/sys_dma.o
 .ARM.attributes
                0x00000202       0x2c build/default/production/_ext/1171490990/initialization.o
 .ARM.attributes
                0x0000022e       0x2c build/default/production/_ext/1171490990/interrupts.o
 .ARM.attributes
                0x0000025a       0x2c build/default/production/_ext/1171490990/exceptions.o
 .ARM.attributes
                0x00000286       0x2c build/default/production/_ext/1171490990/startup_xc32.o
 .ARM.attributes
                0x000002b2       0x2c build/default/production/_ext/1171490990/freertos_hooks.o
 .ARM.attributes
                0x000002de       0x2c build/default/production/_ext/1171490990/tasks.o
 .ARM.attributes
                0x0000030a       0x2c build/default/production/_ext/1624415188/port.o
 .ARM.attributes
                0x00000336       0x2c build/default/production/_ext/1665200909/heap_1.o
 .ARM.attributes
                0x00000362       0x2c build/default/production/_ext/404212886/list.o
 .ARM.attributes
                0x0000038e       0x2c build/default/production/_ext/404212886/queue.o
 .ARM.attributes
                0x000003ba       0x2c build/default/production/_ext/404212886/FreeRTOS_tasks.o
 .ARM.attributes
                0x000003e6       0x2c build/default/production/_ext/1360937237/main_d21.o
 .ARM.attributes
                0x00000412       0x2c build/default/production/_ext/1360937237/app1.o
 .ARM.attributes
                0x0000043e       0x2c build/default/production/_ext/1360937237/app2.o
 .ARM.attributes
                0x0000046a       0x2c build/default/production/_ext/1360937237/app3.o
 .ARM.attributes
                0x00000496       0x2c build/default/production/_ext/829342655/plib_tc5.o
 .ARM.attributes
                0x000004c2       0x2c build/default/production/_ext/829342655/plib_tc4.o
 .ARM.attributes
                0x000004ee       0x2c c:/program files/microchip/xc32/v3.01/bin/bin/../../lib/gcc/pic32c/8.3.1/../../../../pic32c/lib/thumb/v6-m/nofp\libpic32c.a(data_init.o)
 .ARM.attributes
                0x0000051a       0x1e c:/program files/microchip/xc32/v3.01/bin/bin/../../lib/gcc/pic32c/8.3.1/thumb/v6-m/nofp\libgcc.a(_aeabi_uldivmod.o)
 .ARM.attributes
                0x00000538       0x2c c:/program files/microchip/xc32/v3.01/bin/bin/../../lib/gcc/pic32c/8.3.1/thumb/v6-m/nofp\libgcc.a(_udivmoddi4.o)
 .ARM.attributes
                0x00000564       0x1e c:/program files/microchip/xc32/v3.01/bin/bin/../../lib/gcc/pic32c/8.3.1/thumb/v6-m/nofp\libgcc.a(_dvmd_tls.o)
 .ARM.attributes
                0x00000582       0x1e c:/program files/microchip/xc32/v3.01/bin/bin/../../lib/gcc/pic32c/8.3.1/thumb/v6-m/nofp\libgcc.a(_clzdi2.o)
 .ARM.attributes
                0x000005a0       0x1e c:/program files/microchip/xc32/v3.01/bin/bin/../../lib/gcc/pic32c/8.3.1/thumb/v6-m/nofp\libgcc.a(_clzsi2.o)
 .ARM.attributes
                0x000005be       0x2c c:/program files/microchip/xc32/v3.01/bin/bin/../../lib/gcc/pic32c/8.3.1/../../../../pic32c/lib/thumb/v6-m/nofp\libc_nano.a(_lib_a-sprintf.cdnopuxX.o)
 .ARM.attributes
                0x000005ea       0x2c c:/program files/microchip/xc32/v3.01/bin/bin/../../lib/gcc/pic32c/8.3.1/../../../../pic32c/lib/thumb/v6-m/nofp\libc_nano.a(lib_a-init.o)
 .ARM.attributes
                0x00000616       0x2c c:/program files/microchip/xc32/v3.01/bin/bin/../../lib/gcc/pic32c/8.3.1/../../../../pic32c/lib/thumb/v6-m/nofp\libc_nano.a(lib_a-memcpy-stub.o)
 .ARM.attributes
                0x00000642       0x2c c:/program files/microchip/xc32/v3.01/bin/bin/../../lib/gcc/pic32c/8.3.1/../../../../pic32c/lib/thumb/v6-m/nofp\libc_nano.a(lib_a-memset.o)
 .ARM.attributes
                0x0000066e       0x1c c:/program files/microchip/xc32/v3.01/bin/bin/../../lib/gcc/pic32c/8.3.1/../../../../pic32c/lib/thumb/v6-m/nofp\libc_nano.a(lib_a-strlen.o)
 .ARM.attributes
                0x0000068a       0x2c c:/program files/microchip/xc32/v3.01/bin/bin/../../lib/gcc/pic32c/8.3.1/../../../../pic32c/lib/thumb/v6-m/nofp\libc_nano.a(_lib_a-nano-vfprintf.cdnopuxX.o)
 .ARM.attributes
                0x000006b6       0x2c c:/program files/microchip/xc32/v3.01/bin/bin/../../lib/gcc/pic32c/8.3.1/../../../../pic32c/lib/thumb/v6-m/nofp\libc_nano.a(lib_a-__ssfputs.o)
 .ARM.attributes
                0x000006e2       0x2c c:/program files/microchip/xc32/v3.01/bin/bin/../../lib/gcc/pic32c/8.3.1/../../../../pic32c/lib/thumb/v6-m/nofp\libc_nano.a(lib_a-findfp.o)
 .ARM.attributes
                0x0000070e       0x2c c:/program files/microchip/xc32/v3.01/bin/bin/../../lib/gcc/pic32c/8.3.1/../../../../pic32c/lib/thumb/v6-m/nofp\libc_nano.a(lib_a-fputwc.o)
 .ARM.attributes
                0x0000073a       0x2c c:/program files/microchip/xc32/v3.01/bin/bin/../../lib/gcc/pic32c/8.3.1/../../../../pic32c/lib/thumb/v6-m/nofp\libc_nano.a(lib_a-fwalk.o)
 .ARM.attributes
                0x00000766       0x2c c:/program files/microchip/xc32/v3.01/bin/bin/../../lib/gcc/pic32c/8.3.1/../../../../pic32c/lib/thumb/v6-m/nofp\libc_nano.a(lib_a-impure.o)
 .ARM.attributes
                0x00000792       0x2c c:/program files/microchip/xc32/v3.01/bin/bin/../../lib/gcc/pic32c/8.3.1/../../../../pic32c/lib/thumb/v6-m/nofp\libc_nano.a(lib_a-locale.o)
 .ARM.attributes
                0x000007be       0x2c c:/program files/microchip/xc32/v3.01/bin/bin/../../lib/gcc/pic32c/8.3.1/../../../../pic32c/lib/thumb/v6-m/nofp\libc_nano.a(lib_a-mbtowc_r.o)
 .ARM.attributes
                0x000007ea       0x2c c:/program files/microchip/xc32/v3.01/bin/bin/../../lib/gcc/pic32c/8.3.1/../../../../pic32c/lib/thumb/v6-m/nofp\libc_nano.a(lib_a-memchr-stub.o)
 .ARM.attributes
                0x00000816       0x2c c:/program files/microchip/xc32/v3.01/bin/bin/../../lib/gcc/pic32c/8.3.1/../../../../pic32c/lib/thumb/v6-m/nofp\libc_nano.a(lib_a-nano-mallocr.o)
 .ARM.attributes
                0x00000842       0x2c c:/program files/microchip/xc32/v3.01/bin/bin/../../lib/gcc/pic32c/8.3.1/../../../../pic32c/lib/thumb/v6-m/nofp\libc_nano.a(lib_a-nano-vfprintf_i.o)
 .ARM.attributes
                0x0000086e       0x2c c:/program files/microchip/xc32/v3.01/bin/bin/../../lib/gcc/pic32c/8.3.1/../../../../pic32c/lib/thumb/v6-m/nofp\libc_nano.a(lib_a-sbrkr.o)
 .ARM.attributes
                0x0000089a       0x2c c:/program files/microchip/xc32/v3.01/bin/bin/../../lib/gcc/pic32c/8.3.1/../../../../pic32c/lib/thumb/v6-m/nofp\libc_nano.a(lib_a-stdio.o)
 .ARM.attributes
                0x000008c6       0x2c c:/program files/microchip/xc32/v3.01/bin/bin/../../lib/gcc/pic32c/8.3.1/../../../../pic32c/lib/thumb/v6-m/nofp\libc_nano.a(lib_a-wbuf.o)
 .ARM.attributes
                0x000008f2       0x2c c:/program files/microchip/xc32/v3.01/bin/bin/../../lib/gcc/pic32c/8.3.1/../../../../pic32c/lib/thumb/v6-m/nofp\libc_nano.a(lib_a-wcrtomb.o)
 .ARM.attributes
                0x0000091e       0x2c c:/program files/microchip/xc32/v3.01/bin/bin/../../lib/gcc/pic32c/8.3.1/../../../../pic32c/lib/thumb/v6-m/nofp\libc_nano.a(lib_a-wctomb_r.o)
 .ARM.attributes
                0x0000094a       0x2c c:/program files/microchip/xc32/v3.01/bin/bin/../../lib/gcc/pic32c/8.3.1/../../../../pic32c/lib/thumb/v6-m/nofp\libc_nano.a(lib_a-writer.o)
 .ARM.attributes
                0x00000976       0x2c c:/program files/microchip/xc32/v3.01/bin/bin/../../lib/gcc/pic32c/8.3.1/../../../../pic32c/lib/thumb/v6-m/nofp\libc_nano.a(lib_a-wsetup.o)
 .ARM.attributes
                0x000009a2       0x2c c:/program files/microchip/xc32/v3.01/bin/bin/../../lib/gcc/pic32c/8.3.1/../../../../pic32c/lib/thumb/v6-m/nofp\libc_nano.a(lib_a-closer.o)
 .ARM.attributes
                0x000009ce       0x2c c:/program files/microchip/xc32/v3.01/bin/bin/../../lib/gcc/pic32c/8.3.1/../../../../pic32c/lib/thumb/v6-m/nofp\libc_nano.a(lib_a-ctype_.o)
 .ARM.attributes
                0x000009fa       0x2c c:/program files/microchip/xc32/v3.01/bin/bin/../../lib/gcc/pic32c/8.3.1/../../../../pic32c/lib/thumb/v6-m/nofp\libc_nano.a(lib_a-fflush.o)
 .ARM.attributes
                0x00000a26       0x2c c:/program files/microchip/xc32/v3.01/bin/bin/../../lib/gcc/pic32c/8.3.1/../../../../pic32c/lib/thumb/v6-m/nofp\libc_nano.a(lib_a-lseekr.o)
 .ARM.attributes
                0x00000a52       0x2c c:/program files/microchip/xc32/v3.01/bin/bin/../../lib/gcc/pic32c/8.3.1/../../../../pic32c/lib/thumb/v6-m/nofp\libc_nano.a(lib_a-makebuf.o)
 .ARM.attributes
                0x00000a7e       0x2c c:/program files/microchip/xc32/v3.01/bin/bin/../../lib/gcc/pic32c/8.3.1/../../../../pic32c/lib/thumb/v6-m/nofp\libc_nano.a(lib_a-mlock.o)
 .ARM.attributes
                0x00000aaa       0x2c c:/program files/microchip/xc32/v3.01/bin/bin/../../lib/gcc/pic32c/8.3.1/../../../../pic32c/lib/thumb/v6-m/nofp\libc_nano.a(lib_a-nano-freer.o)
 .ARM.attributes
                0x00000ad6       0x2c c:/program files/microchip/xc32/v3.01/bin/bin/../../lib/gcc/pic32c/8.3.1/../../../../pic32c/lib/thumb/v6-m/nofp\libc_nano.a(lib_a-readr.o)
 .ARM.attributes
                0x00000b02       0x2c c:/program files/microchip/xc32/v3.01/bin/bin/../../lib/gcc/pic32c/8.3.1/../../../../pic32c/lib/thumb/v6-m/nofp\libc_nano.a(lib_a-reent.o)
 .ARM.attributes
                0x00000b2e       0x2c c:/program files/microchip/xc32/v3.01/bin/bin/../../lib/gcc/pic32c/8.3.1/../../../../pic32c/lib/thumb/v6-m/nofp\libc_nano.a(lib_a-fstatr.o)
 .ARM.attributes
                0x00000b5a       0x2c c:/program files/microchip/xc32/v3.01/bin/bin/../../lib/gcc/pic32c/8.3.1/../../../../pic32c/lib/thumb/v6-m/nofp\libc_nano.a(lib_a-isattyr.o)
 .ARM.attributes
                0x00000b86       0x2c c:/program files/microchip/xc32/v3.01/bin/bin/../../lib/gcc/pic32c/8.3.1/../../../../pic32c/lib/thumb/v6-m/nofp\libpic32c.a(_close.o)
 .ARM.attributes
                0x00000bb2       0x2c c:/program files/microchip/xc32/v3.01/bin/bin/../../lib/gcc/pic32c/8.3.1/../../../../pic32c/lib/thumb/v6-m/nofp\libpic32c.a(_fstat.o)
 .ARM.attributes
                0x00000bde       0x2c c:/program files/microchip/xc32/v3.01/bin/bin/../../lib/gcc/pic32c/8.3.1/../../../../pic32c/lib/thumb/v6-m/nofp\libpic32c.a(_isatty.o)
 .ARM.attributes
                0x00000c0a       0x2c c:/program files/microchip/xc32/v3.01/bin/bin/../../lib/gcc/pic32c/8.3.1/../../../../pic32c/lib/thumb/v6-m/nofp\libpic32c.a(_lseek.o)
 .ARM.attributes
                0x00000c36       0x2c c:/program files/microchip/xc32/v3.01/bin/bin/../../lib/gcc/pic32c/8.3.1/../../../../pic32c/lib/thumb/v6-m/nofp\libpic32c.a(_read.o)
 .ARM.attributes
                0x00000c62       0x2c c:/program files/microchip/xc32/v3.01/bin/bin/../../lib/gcc/pic32c/8.3.1/../../../../pic32c/lib/thumb/v6-m/nofp\libpic32c.a(sbrk.o)
 .ARM.attributes
                0x00000c8e       0x2c c:/program files/microchip/xc32/v3.01/bin/bin/../../lib/gcc/pic32c/8.3.1/../../../../pic32c/lib/thumb/v6-m/nofp\libpic32c.a(_write.o)
 .ARM.attributes
                0x00000cba       0x2c c:/program files/microchip/xc32/v3.01/bin/bin/../../lib/gcc/pic32c/8.3.1/../../../../pic32c/lib/thumb/v6-m/nofp\libpic32c.a(close.o)
 .ARM.attributes
                0x00000ce6       0x2c c:/program files/microchip/xc32/v3.01/bin/bin/../../lib/gcc/pic32c/8.3.1/../../../../pic32c/lib/thumb/v6-m/nofp\libpic32c.a(fstat.o)
 .ARM.attributes
                0x00000d12       0x2c c:/program files/microchip/xc32/v3.01/bin/bin/../../lib/gcc/pic32c/8.3.1/../../../../pic32c/lib/thumb/v6-m/nofp\libpic32c.a(isatty.o)
 .ARM.attributes
                0x00000d3e       0x2c c:/program files/microchip/xc32/v3.01/bin/bin/../../lib/gcc/pic32c/8.3.1/../../../../pic32c/lib/thumb/v6-m/nofp\libpic32c.a(lseek.o)
 .ARM.attributes
                0x00000d6a       0x2c c:/program files/microchip/xc32/v3.01/bin/bin/../../lib/gcc/pic32c/8.3.1/../../../../pic32c/lib/thumb/v6-m/nofp\libpic32c.a(read.o)
 .ARM.attributes
                0x00000d96       0x2c c:/program files/microchip/xc32/v3.01/bin/bin/../../lib/gcc/pic32c/8.3.1/../../../../pic32c/lib/thumb/v6-m/nofp\libpic32c.a(write.o)
 .ARM.attributes
                0x00000dc2       0x1e c:/program files/microchip/xc32/v3.01/bin/bin/../../lib/gcc/pic32c/8.3.1/thumb/v6-m/nofp\libgcc.a(_udivsi3.o)
 .ARM.attributes
                0x00000de0       0x1e c:/program files/microchip/xc32/v3.01/bin/bin/../../lib/gcc/pic32c/8.3.1/thumb/v6-m/nofp/crtn.o

.comment        0x00000000       0x53
 .comment       0x00000000       0x53 c:/program files/microchip/xc32/v3.01/bin/bin/../../lib/gcc/pic32c/8.3.1/thumb/v6-m/nofp/crtbegin.o
                                 0x54 (size before relaxing)
 .comment       0x00000053       0x54 build/default/production/_ext/869808652/drv_usart.o
 .comment       0x00000053       0x54 build/default/production/_ext/1529399856/osal_freertos.o
 .comment       0x00000053       0x54 build/default/production/_ext/1984496892/plib_clock.o
 .comment       0x00000053       0x54 build/default/production/_ext/1986646378/plib_evsys.o
 .comment       0x00000053       0x54 build/default/production/_ext/1865468468/plib_nvic.o
 .comment       0x00000053       0x54 build/default/production/_ext/1593096446/plib_nvmctrl.o
 .comment       0x00000053       0x54 build/default/production/_ext/1865521619/plib_port.o
 .comment       0x00000053       0x54 build/default/production/_ext/504274921/plib_sercom5_usart.o
 .comment       0x00000053       0x54 build/default/production/_ext/163028504/xc32_monitor.o
 .comment       0x00000053       0x54 build/default/production/_ext/14461671/sys_dma.o
 .comment       0x00000053       0x54 build/default/production/_ext/1171490990/initialization.o
 .comment       0x00000053       0x54 build/default/production/_ext/1171490990/interrupts.o
 .comment       0x00000053       0x54 build/default/production/_ext/1171490990/exceptions.o
 .comment       0x00000053       0x54 build/default/production/_ext/1171490990/startup_xc32.o
 .comment       0x00000053       0x54 build/default/production/_ext/1171490990/freertos_hooks.o
 .comment       0x00000053       0x54 build/default/production/_ext/1171490990/tasks.o
 .comment       0x00000053       0x54 build/default/production/_ext/1624415188/port.o
 .comment       0x00000053       0x54 build/default/production/_ext/1665200909/heap_1.o
 .comment       0x00000053       0x54 build/default/production/_ext/404212886/list.o
 .comment       0x00000053       0x54 build/default/production/_ext/404212886/queue.o
 .comment       0x00000053       0x54 build/default/production/_ext/404212886/FreeRTOS_tasks.o
 .comment       0x00000053       0x54 build/default/production/_ext/1360937237/main_d21.o
 .comment       0x00000053       0x54 build/default/production/_ext/1360937237/app1.o
 .comment       0x00000053       0x54 build/default/production/_ext/1360937237/app2.o
 .comment       0x00000053       0x54 build/default/production/_ext/1360937237/app3.o
 .comment       0x00000053       0x54 build/default/production/_ext/829342655/plib_tc5.o
 .comment       0x00000053       0x54 build/default/production/_ext/829342655/plib_tc4.o
 .comment       0x00000053       0x54 c:/program files/microchip/xc32/v3.01/bin/bin/../../lib/gcc/pic32c/8.3.1/../../../../pic32c/lib/thumb/v6-m/nofp\libpic32c.a(data_init.o)
 .comment       0x00000053       0x54 c:/program files/microchip/xc32/v3.01/bin/bin/../../lib/gcc/pic32c/8.3.1/thumb/v6-m/nofp\libgcc.a(_udivmoddi4.o)
 .comment       0x00000053       0x54 c:/program files/microchip/xc32/v3.01/bin/bin/../../lib/gcc/pic32c/8.3.1/../../../../pic32c/lib/thumb/v6-m/nofp\libc_nano.a(_lib_a-sprintf.cdnopuxX.o)
 .comment       0x00000053       0x54 c:/program files/microchip/xc32/v3.01/bin/bin/../../lib/gcc/pic32c/8.3.1/../../../../pic32c/lib/thumb/v6-m/nofp\libc_nano.a(lib_a-init.o)
 .comment       0x00000053       0x54 c:/program files/microchip/xc32/v3.01/bin/bin/../../lib/gcc/pic32c/8.3.1/../../../../pic32c/lib/thumb/v6-m/nofp\libc_nano.a(lib_a-memcpy-stub.o)
 .comment       0x00000053       0x54 c:/program files/microchip/xc32/v3.01/bin/bin/../../lib/gcc/pic32c/8.3.1/../../../../pic32c/lib/thumb/v6-m/nofp\libc_nano.a(lib_a-memset.o)
 .comment       0x00000053       0x54 c:/program files/microchip/xc32/v3.01/bin/bin/../../lib/gcc/pic32c/8.3.1/../../../../pic32c/lib/thumb/v6-m/nofp\libc_nano.a(_lib_a-nano-vfprintf.cdnopuxX.o)
 .comment       0x00000053       0x54 c:/program files/microchip/xc32/v3.01/bin/bin/../../lib/gcc/pic32c/8.3.1/../../../../pic32c/lib/thumb/v6-m/nofp\libc_nano.a(lib_a-__ssfputs.o)
 .comment       0x00000053       0x54 c:/program files/microchip/xc32/v3.01/bin/bin/../../lib/gcc/pic32c/8.3.1/../../../../pic32c/lib/thumb/v6-m/nofp\libc_nano.a(lib_a-findfp.o)
 .comment       0x00000053       0x54 c:/program files/microchip/xc32/v3.01/bin/bin/../../lib/gcc/pic32c/8.3.1/../../../../pic32c/lib/thumb/v6-m/nofp\libc_nano.a(lib_a-fputwc.o)
 .comment       0x00000053       0x54 c:/program files/microchip/xc32/v3.01/bin/bin/../../lib/gcc/pic32c/8.3.1/../../../../pic32c/lib/thumb/v6-m/nofp\libc_nano.a(lib_a-fwalk.o)
 .comment       0x00000053       0x54 c:/program files/microchip/xc32/v3.01/bin/bin/../../lib/gcc/pic32c/8.3.1/../../../../pic32c/lib/thumb/v6-m/nofp\libc_nano.a(lib_a-impure.o)
 .comment       0x00000053       0x54 c:/program files/microchip/xc32/v3.01/bin/bin/../../lib/gcc/pic32c/8.3.1/../../../../pic32c/lib/thumb/v6-m/nofp\libc_nano.a(lib_a-locale.o)
 .comment       0x00000053       0x54 c:/program files/microchip/xc32/v3.01/bin/bin/../../lib/gcc/pic32c/8.3.1/../../../../pic32c/lib/thumb/v6-m/nofp\libc_nano.a(lib_a-mbtowc_r.o)
 .comment       0x00000053       0x54 c:/program files/microchip/xc32/v3.01/bin/bin/../../lib/gcc/pic32c/8.3.1/../../../../pic32c/lib/thumb/v6-m/nofp\libc_nano.a(lib_a-memchr-stub.o)
 .comment       0x00000053       0x54 c:/program files/microchip/xc32/v3.01/bin/bin/../../lib/gcc/pic32c/8.3.1/../../../../pic32c/lib/thumb/v6-m/nofp\libc_nano.a(lib_a-nano-mallocr.o)
 .comment       0x00000053       0x54 c:/program files/microchip/xc32/v3.01/bin/bin/../../lib/gcc/pic32c/8.3.1/../../../../pic32c/lib/thumb/v6-m/nofp\libc_nano.a(lib_a-nano-vfprintf_i.o)
 .comment       0x00000053       0x54 c:/program files/microchip/xc32/v3.01/bin/bin/../../lib/gcc/pic32c/8.3.1/../../../../pic32c/lib/thumb/v6-m/nofp\libc_nano.a(lib_a-sbrkr.o)
 .comment       0x00000053       0x54 c:/program files/microchip/xc32/v3.01/bin/bin/../../lib/gcc/pic32c/8.3.1/../../../../pic32c/lib/thumb/v6-m/nofp\libc_nano.a(lib_a-stdio.o)
 .comment       0x00000053       0x54 c:/program files/microchip/xc32/v3.01/bin/bin/../../lib/gcc/pic32c/8.3.1/../../../../pic32c/lib/thumb/v6-m/nofp\libc_nano.a(lib_a-wbuf.o)
 .comment       0x00000053       0x54 c:/program files/microchip/xc32/v3.01/bin/bin/../../lib/gcc/pic32c/8.3.1/../../../../pic32c/lib/thumb/v6-m/nofp\libc_nano.a(lib_a-wcrtomb.o)
 .comment       0x00000053       0x54 c:/program files/microchip/xc32/v3.01/bin/bin/../../lib/gcc/pic32c/8.3.1/../../../../pic32c/lib/thumb/v6-m/nofp\libc_nano.a(lib_a-wctomb_r.o)
 .comment       0x00000053       0x54 c:/program files/microchip/xc32/v3.01/bin/bin/../../lib/gcc/pic32c/8.3.1/../../../../pic32c/lib/thumb/v6-m/nofp\libc_nano.a(lib_a-writer.o)
 .comment       0x00000053       0x54 c:/program files/microchip/xc32/v3.01/bin/bin/../../lib/gcc/pic32c/8.3.1/../../../../pic32c/lib/thumb/v6-m/nofp\libc_nano.a(lib_a-wsetup.o)
 .comment       0x00000053       0x54 c:/program files/microchip/xc32/v3.01/bin/bin/../../lib/gcc/pic32c/8.3.1/../../../../pic32c/lib/thumb/v6-m/nofp\libc_nano.a(lib_a-closer.o)
 .comment       0x00000053       0x54 c:/program files/microchip/xc32/v3.01/bin/bin/../../lib/gcc/pic32c/8.3.1/../../../../pic32c/lib/thumb/v6-m/nofp\libc_nano.a(lib_a-ctype_.o)
 .comment       0x00000053       0x54 c:/program files/microchip/xc32/v3.01/bin/bin/../../lib/gcc/pic32c/8.3.1/../../../../pic32c/lib/thumb/v6-m/nofp\libc_nano.a(lib_a-fflush.o)
 .comment       0x00000053       0x54 c:/program files/microchip/xc32/v3.01/bin/bin/../../lib/gcc/pic32c/8.3.1/../../../../pic32c/lib/thumb/v6-m/nofp\libc_nano.a(lib_a-lseekr.o)
 .comment       0x00000053       0x54 c:/program files/microchip/xc32/v3.01/bin/bin/../../lib/gcc/pic32c/8.3.1/../../../../pic32c/lib/thumb/v6-m/nofp\libc_nano.a(lib_a-makebuf.o)
 .comment       0x00000053       0x54 c:/program files/microchip/xc32/v3.01/bin/bin/../../lib/gcc/pic32c/8.3.1/../../../../pic32c/lib/thumb/v6-m/nofp\libc_nano.a(lib_a-mlock.o)
 .comment       0x00000053       0x54 c:/program files/microchip/xc32/v3.01/bin/bin/../../lib/gcc/pic32c/8.3.1/../../../../pic32c/lib/thumb/v6-m/nofp\libc_nano.a(lib_a-nano-freer.o)
 .comment       0x00000053       0x54 c:/program files/microchip/xc32/v3.01/bin/bin/../../lib/gcc/pic32c/8.3.1/../../../../pic32c/lib/thumb/v6-m/nofp\libc_nano.a(lib_a-readr.o)
 .comment       0x00000053       0x54 c:/program files/microchip/xc32/v3.01/bin/bin/../../lib/gcc/pic32c/8.3.1/../../../../pic32c/lib/thumb/v6-m/nofp\libc_nano.a(lib_a-reent.o)
 .comment       0x00000053       0x54 c:/program files/microchip/xc32/v3.01/bin/bin/../../lib/gcc/pic32c/8.3.1/../../../../pic32c/lib/thumb/v6-m/nofp\libc_nano.a(lib_a-fstatr.o)
 .comment       0x00000053       0x54 c:/program files/microchip/xc32/v3.01/bin/bin/../../lib/gcc/pic32c/8.3.1/../../../../pic32c/lib/thumb/v6-m/nofp\libc_nano.a(lib_a-isattyr.o)
 .comment       0x00000053       0x54 c:/program files/microchip/xc32/v3.01/bin/bin/../../lib/gcc/pic32c/8.3.1/../../../../pic32c/lib/thumb/v6-m/nofp\libpic32c.a(_close.o)
 .comment       0x00000053       0x54 c:/program files/microchip/xc32/v3.01/bin/bin/../../lib/gcc/pic32c/8.3.1/../../../../pic32c/lib/thumb/v6-m/nofp\libpic32c.a(_fstat.o)
 .comment       0x00000053       0x54 c:/program files/microchip/xc32/v3.01/bin/bin/../../lib/gcc/pic32c/8.3.1/../../../../pic32c/lib/thumb/v6-m/nofp\libpic32c.a(_isatty.o)
 .comment       0x00000053       0x54 c:/program files/microchip/xc32/v3.01/bin/bin/../../lib/gcc/pic32c/8.3.1/../../../../pic32c/lib/thumb/v6-m/nofp\libpic32c.a(_lseek.o)
 .comment       0x00000053       0x54 c:/program files/microchip/xc32/v3.01/bin/bin/../../lib/gcc/pic32c/8.3.1/../../../../pic32c/lib/thumb/v6-m/nofp\libpic32c.a(_read.o)
 .comment       0x00000053       0x54 c:/program files/microchip/xc32/v3.01/bin/bin/../../lib/gcc/pic32c/8.3.1/../../../../pic32c/lib/thumb/v6-m/nofp\libpic32c.a(sbrk.o)
 .comment       0x00000053       0x54 c:/program files/microchip/xc32/v3.01/bin/bin/../../lib/gcc/pic32c/8.3.1/../../../../pic32c/lib/thumb/v6-m/nofp\libpic32c.a(_write.o)
 .comment       0x00000053       0x54 c:/program files/microchip/xc32/v3.01/bin/bin/../../lib/gcc/pic32c/8.3.1/../../../../pic32c/lib/thumb/v6-m/nofp\libpic32c.a(close.o)
 .comment       0x00000053       0x54 c:/program files/microchip/xc32/v3.01/bin/bin/../../lib/gcc/pic32c/8.3.1/../../../../pic32c/lib/thumb/v6-m/nofp\libpic32c.a(fstat.o)
 .comment       0x00000053       0x54 c:/program files/microchip/xc32/v3.01/bin/bin/../../lib/gcc/pic32c/8.3.1/../../../../pic32c/lib/thumb/v6-m/nofp\libpic32c.a(isatty.o)
 .comment       0x00000053       0x54 c:/program files/microchip/xc32/v3.01/bin/bin/../../lib/gcc/pic32c/8.3.1/../../../../pic32c/lib/thumb/v6-m/nofp\libpic32c.a(lseek.o)
 .comment       0x00000053       0x54 c:/program files/microchip/xc32/v3.01/bin/bin/../../lib/gcc/pic32c/8.3.1/../../../../pic32c/lib/thumb/v6-m/nofp\libpic32c.a(read.o)
 .comment       0x00000053       0x54 c:/program files/microchip/xc32/v3.01/bin/bin/../../lib/gcc/pic32c/8.3.1/../../../../pic32c/lib/thumb/v6-m/nofp\libpic32c.a(write.o)

.debug_info     0x00000000    0x22e3d
 .debug_info    0x00000000     0x1f36 build/default/production/_ext/869808652/drv_usart.o
 .debug_info    0x00001f36      0xc0d build/default/production/_ext/1529399856/osal_freertos.o
 .debug_info    0x00002b43      0xaac build/default/production/_ext/1984496892/plib_clock.o
 .debug_info    0x000035ef      0x35b build/default/production/_ext/1986646378/plib_evsys.o
 .debug_info    0x0000394a      0xb0c build/default/production/_ext/1865468468/plib_nvic.o
 .debug_info    0x00004456     0x13e3 build/default/production/_ext/1593096446/plib_nvmctrl.o
 .debug_info    0x00005839      0xce4 build/default/production/_ext/1865521619/plib_port.o
 .debug_info    0x0000651d     0x18b4 build/default/production/_ext/504274921/plib_sercom5_usart.o
 .debug_info    0x00007dd1      0x2ec build/default/production/_ext/163028504/xc32_monitor.o
 .debug_info    0x000080bd      0x712 build/default/production/_ext/14461671/sys_dma.o
 .debug_info    0x000087cf     0x23df build/default/production/_ext/1171490990/initialization.o
 .debug_info    0x0000abae     0x15c3 build/default/production/_ext/1171490990/interrupts.o
 .debug_info    0x0000c171     0x108b build/default/production/_ext/1171490990/exceptions.o
 .debug_info    0x0000d1fc      0x501 build/default/production/_ext/1171490990/startup_xc32.o
 .debug_info    0x0000d6fd      0x4da build/default/production/_ext/1171490990/freertos_hooks.o
 .debug_info    0x0000dbd7     0x12c3 build/default/production/_ext/1171490990/tasks.o
 .debug_info    0x0000ee9a      0x744 build/default/production/_ext/1624415188/port.o
 .debug_info    0x0000f5de     0x1119 build/default/production/_ext/1665200909/heap_1.o
 .debug_info    0x000106f7     0x123c build/default/production/_ext/404212886/list.o
 .debug_info    0x00011933     0x2c6d build/default/production/_ext/404212886/queue.o
 .debug_info    0x000145a0     0x38de build/default/production/_ext/404212886/FreeRTOS_tasks.o
 .debug_info    0x00017e7e     0x1084 build/default/production/_ext/1360937237/main_d21.o
 .debug_info    0x00018f02     0x17c7 build/default/production/_ext/1360937237/app1.o
 .debug_info    0x0001a6c9     0x178f build/default/production/_ext/1360937237/app2.o
 .debug_info    0x0001be58     0x1322 build/default/production/_ext/1360937237/app3.o
 .debug_info    0x0001d17a      0xd51 build/default/production/_ext/829342655/plib_tc5.o
 .debug_info    0x0001decb      0xd51 build/default/production/_ext/829342655/plib_tc4.o
 .debug_info    0x0001ec1c      0x2c3 c:/program files/microchip/xc32/v3.01/bin/bin/../../lib/gcc/pic32c/8.3.1/../../../../pic32c/lib/thumb/v6-m/nofp\libpic32c.a(data_init.o)
 .debug_info    0x0001eedf       0x26 c:/program files/microchip/xc32/v3.01/bin/bin/../../lib/gcc/pic32c/8.3.1/thumb/v6-m/nofp\libgcc.a(_aeabi_uldivmod.o)
 .debug_info    0x0001ef05     0x1c12 c:/program files/microchip/xc32/v3.01/bin/bin/../../lib/gcc/pic32c/8.3.1/thumb/v6-m/nofp\libgcc.a(_udivmoddi4.o)
 .debug_info    0x00020b17       0x26 c:/program files/microchip/xc32/v3.01/bin/bin/../../lib/gcc/pic32c/8.3.1/thumb/v6-m/nofp\libgcc.a(_dvmd_tls.o)
 .debug_info    0x00020b3d       0x26 c:/program files/microchip/xc32/v3.01/bin/bin/../../lib/gcc/pic32c/8.3.1/thumb/v6-m/nofp\libgcc.a(_clzdi2.o)
 .debug_info    0x00020b63       0x26 c:/program files/microchip/xc32/v3.01/bin/bin/../../lib/gcc/pic32c/8.3.1/thumb/v6-m/nofp\libgcc.a(_clzsi2.o)
 .debug_info    0x00020b89      0x2aa c:/program files/microchip/xc32/v3.01/bin/bin/../../lib/gcc/pic32c/8.3.1/../../../../pic32c/lib/thumb/v6-m/nofp\libpic32c.a(_close.o)
 .debug_info    0x00020e33      0x2aa c:/program files/microchip/xc32/v3.01/bin/bin/../../lib/gcc/pic32c/8.3.1/../../../../pic32c/lib/thumb/v6-m/nofp\libpic32c.a(_fstat.o)
 .debug_info    0x000210dd      0x2ac c:/program files/microchip/xc32/v3.01/bin/bin/../../lib/gcc/pic32c/8.3.1/../../../../pic32c/lib/thumb/v6-m/nofp\libpic32c.a(_isatty.o)
 .debug_info    0x00021389      0x2aa c:/program files/microchip/xc32/v3.01/bin/bin/../../lib/gcc/pic32c/8.3.1/../../../../pic32c/lib/thumb/v6-m/nofp\libpic32c.a(_lseek.o)
 .debug_info    0x00021633      0x2a8 c:/program files/microchip/xc32/v3.01/bin/bin/../../lib/gcc/pic32c/8.3.1/../../../../pic32c/lib/thumb/v6-m/nofp\libpic32c.a(_read.o)
 .debug_info    0x000218db      0x2a6 c:/program files/microchip/xc32/v3.01/bin/bin/../../lib/gcc/pic32c/8.3.1/../../../../pic32c/lib/thumb/v6-m/nofp\libpic32c.a(sbrk.o)
 .debug_info    0x00021b81      0x2aa c:/program files/microchip/xc32/v3.01/bin/bin/../../lib/gcc/pic32c/8.3.1/../../../../pic32c/lib/thumb/v6-m/nofp\libpic32c.a(_write.o)
 .debug_info    0x00021e2b      0x2a7 c:/program files/microchip/xc32/v3.01/bin/bin/../../lib/gcc/pic32c/8.3.1/../../../../pic32c/lib/thumb/v6-m/nofp\libpic32c.a(close.o)
 .debug_info    0x000220d2      0x2a7 c:/program files/microchip/xc32/v3.01/bin/bin/../../lib/gcc/pic32c/8.3.1/../../../../pic32c/lib/thumb/v6-m/nofp\libpic32c.a(fstat.o)
 .debug_info    0x00022379      0x2a9 c:/program files/microchip/xc32/v3.01/bin/bin/../../lib/gcc/pic32c/8.3.1/../../../../pic32c/lib/thumb/v6-m/nofp\libpic32c.a(isatty.o)
 .debug_info    0x00022622      0x2a7 c:/program files/microchip/xc32/v3.01/bin/bin/../../lib/gcc/pic32c/8.3.1/../../../../pic32c/lib/thumb/v6-m/nofp\libpic32c.a(lseek.o)
 .debug_info    0x000228c9      0x2a6 c:/program files/microchip/xc32/v3.01/bin/bin/../../lib/gcc/pic32c/8.3.1/../../../../pic32c/lib/thumb/v6-m/nofp\libpic32c.a(read.o)
 .debug_info    0x00022b6f      0x2a8 c:/program files/microchip/xc32/v3.01/bin/bin/../../lib/gcc/pic32c/8.3.1/../../../../pic32c/lib/thumb/v6-m/nofp\libpic32c.a(write.o)
 .debug_info    0x00022e17       0x26 c:/program files/microchip/xc32/v3.01/bin/bin/../../lib/gcc/pic32c/8.3.1/thumb/v6-m/nofp\libgcc.a(_udivsi3.o)

.debug_abbrev   0x00000000     0x3ef8
 .debug_abbrev  0x00000000      0x40c build/default/production/_ext/869808652/drv_usart.o
 .debug_abbrev  0x0000040c      0x1ea build/default/production/_ext/1529399856/osal_freertos.o
 .debug_abbrev  0x000005f6      0x13e build/default/production/_ext/1984496892/plib_clock.o
 .debug_abbrev  0x00000734       0x3b build/default/production/_ext/1986646378/plib_evsys.o
 .debug_abbrev  0x0000076f      0x1f2 build/default/production/_ext/1865468468/plib_nvic.o
 .debug_abbrev  0x00000961      0x2a7 build/default/production/_ext/1593096446/plib_nvmctrl.o
 .debug_abbrev  0x00000c08      0x1d6 build/default/production/_ext/1865521619/plib_port.o
 .debug_abbrev  0x00000dde      0x37f build/default/production/_ext/504274921/plib_sercom5_usart.o
 .debug_abbrev  0x0000115d       0x80 build/default/production/_ext/163028504/xc32_monitor.o
 .debug_abbrev  0x000011dd       0xa5 build/default/production/_ext/14461671/sys_dma.o
 .debug_abbrev  0x00001282      0x2d4 build/default/production/_ext/1171490990/initialization.o
 .debug_abbrev  0x00001556      0x1e1 build/default/production/_ext/1171490990/interrupts.o
 .debug_abbrev  0x00001737      0x1d4 build/default/production/_ext/1171490990/exceptions.o
 .debug_abbrev  0x0000190b      0x11f build/default/production/_ext/1171490990/startup_xc32.o
 .debug_abbrev  0x00001a2a       0xf7 build/default/production/_ext/1171490990/freertos_hooks.o
 .debug_abbrev  0x00001b21      0x246 build/default/production/_ext/1171490990/tasks.o
 .debug_abbrev  0x00001d67      0x1c0 build/default/production/_ext/1624415188/port.o
 .debug_abbrev  0x00001f27      0x2af build/default/production/_ext/1665200909/heap_1.o
 .debug_abbrev  0x000021d6      0x270 build/default/production/_ext/404212886/list.o
 .debug_abbrev  0x00002446      0x421 build/default/production/_ext/404212886/queue.o
 .debug_abbrev  0x00002867      0x4e4 build/default/production/_ext/404212886/FreeRTOS_tasks.o
 .debug_abbrev  0x00002d4b      0x20d build/default/production/_ext/1360937237/main_d21.o
 .debug_abbrev  0x00002f58      0x2c0 build/default/production/_ext/1360937237/app1.o
 .debug_abbrev  0x00003218      0x2a3 build/default/production/_ext/1360937237/app2.o
 .debug_abbrev  0x000034bb      0x22e build/default/production/_ext/1360937237/app3.o
 .debug_abbrev  0x000036e9      0x1e8 build/default/production/_ext/829342655/plib_tc5.o
 .debug_abbrev  0x000038d1      0x1e8 build/default/production/_ext/829342655/plib_tc4.o
 .debug_abbrev  0x00003ab9       0x2e c:/program files/microchip/xc32/v3.01/bin/bin/../../lib/gcc/pic32c/8.3.1/../../../../pic32c/lib/thumb/v6-m/nofp\libpic32c.a(data_init.o)
 .debug_abbrev  0x00003ae7       0x14 c:/program files/microchip/xc32/v3.01/bin/bin/../../lib/gcc/pic32c/8.3.1/thumb/v6-m/nofp\libgcc.a(_aeabi_uldivmod.o)
 .debug_abbrev  0x00003afb      0x157 c:/program files/microchip/xc32/v3.01/bin/bin/../../lib/gcc/pic32c/8.3.1/thumb/v6-m/nofp\libgcc.a(_udivmoddi4.o)
 .debug_abbrev  0x00003c52       0x14 c:/program files/microchip/xc32/v3.01/bin/bin/../../lib/gcc/pic32c/8.3.1/thumb/v6-m/nofp\libgcc.a(_dvmd_tls.o)
 .debug_abbrev  0x00003c66       0x14 c:/program files/microchip/xc32/v3.01/bin/bin/../../lib/gcc/pic32c/8.3.1/thumb/v6-m/nofp\libgcc.a(_clzdi2.o)
 .debug_abbrev  0x00003c7a       0x14 c:/program files/microchip/xc32/v3.01/bin/bin/../../lib/gcc/pic32c/8.3.1/thumb/v6-m/nofp\libgcc.a(_clzsi2.o)
 .debug_abbrev  0x00003c8e       0x2e c:/program files/microchip/xc32/v3.01/bin/bin/../../lib/gcc/pic32c/8.3.1/../../../../pic32c/lib/thumb/v6-m/nofp\libpic32c.a(_close.o)
 .debug_abbrev  0x00003cbc       0x2e c:/program files/microchip/xc32/v3.01/bin/bin/../../lib/gcc/pic32c/8.3.1/../../../../pic32c/lib/thumb/v6-m/nofp\libpic32c.a(_fstat.o)
 .debug_abbrev  0x00003cea       0x2e c:/program files/microchip/xc32/v3.01/bin/bin/../../lib/gcc/pic32c/8.3.1/../../../../pic32c/lib/thumb/v6-m/nofp\libpic32c.a(_isatty.o)
 .debug_abbrev  0x00003d18       0x2e c:/program files/microchip/xc32/v3.01/bin/bin/../../lib/gcc/pic32c/8.3.1/../../../../pic32c/lib/thumb/v6-m/nofp\libpic32c.a(_lseek.o)
 .debug_abbrev  0x00003d46       0x2e c:/program files/microchip/xc32/v3.01/bin/bin/../../lib/gcc/pic32c/8.3.1/../../../../pic32c/lib/thumb/v6-m/nofp\libpic32c.a(_read.o)
 .debug_abbrev  0x00003d74       0x2e c:/program files/microchip/xc32/v3.01/bin/bin/../../lib/gcc/pic32c/8.3.1/../../../../pic32c/lib/thumb/v6-m/nofp\libpic32c.a(sbrk.o)
 .debug_abbrev  0x00003da2       0x2e c:/program files/microchip/xc32/v3.01/bin/bin/../../lib/gcc/pic32c/8.3.1/../../../../pic32c/lib/thumb/v6-m/nofp\libpic32c.a(_write.o)
 .debug_abbrev  0x00003dd0       0x2e c:/program files/microchip/xc32/v3.01/bin/bin/../../lib/gcc/pic32c/8.3.1/../../../../pic32c/lib/thumb/v6-m/nofp\libpic32c.a(close.o)
 .debug_abbrev  0x00003dfe       0x2e c:/program files/microchip/xc32/v3.01/bin/bin/../../lib/gcc/pic32c/8.3.1/../../../../pic32c/lib/thumb/v6-m/nofp\libpic32c.a(fstat.o)
 .debug_abbrev  0x00003e2c       0x2e c:/program files/microchip/xc32/v3.01/bin/bin/../../lib/gcc/pic32c/8.3.1/../../../../pic32c/lib/thumb/v6-m/nofp\libpic32c.a(isatty.o)
 .debug_abbrev  0x00003e5a       0x2e c:/program files/microchip/xc32/v3.01/bin/bin/../../lib/gcc/pic32c/8.3.1/../../../../pic32c/lib/thumb/v6-m/nofp\libpic32c.a(lseek.o)
 .debug_abbrev  0x00003e88       0x2e c:/program files/microchip/xc32/v3.01/bin/bin/../../lib/gcc/pic32c/8.3.1/../../../../pic32c/lib/thumb/v6-m/nofp\libpic32c.a(read.o)
 .debug_abbrev  0x00003eb6       0x2e c:/program files/microchip/xc32/v3.01/bin/bin/../../lib/gcc/pic32c/8.3.1/../../../../pic32c/lib/thumb/v6-m/nofp\libpic32c.a(write.o)
 .debug_abbrev  0x00003ee4       0x14 c:/program files/microchip/xc32/v3.01/bin/bin/../../lib/gcc/pic32c/8.3.1/thumb/v6-m/nofp\libgcc.a(_udivsi3.o)

.debug_loc      0x00000000     0x659a
 .debug_loc     0x00000000      0xd77 build/default/production/_ext/869808652/drv_usart.o
 .debug_loc     0x00000d77      0x70a build/default/production/_ext/1529399856/osal_freertos.o
 .debug_loc     0x00001481       0x8e build/default/production/_ext/1984496892/plib_clock.o
 .debug_loc     0x0000150f       0xf4 build/default/production/_ext/1865468468/plib_nvic.o
 .debug_loc     0x00001603      0x228 build/default/production/_ext/1593096446/plib_nvmctrl.o
 .debug_loc     0x0000182b      0x226 build/default/production/_ext/1865521619/plib_port.o
 .debug_loc     0x00001a51      0x6ba build/default/production/_ext/504274921/plib_sercom5_usart.o
 .debug_loc     0x0000210b       0x25 build/default/production/_ext/163028504/xc32_monitor.o
 .debug_loc     0x00002130       0x45 build/default/production/_ext/1171490990/initialization.o
 .debug_loc     0x00002175       0x20 build/default/production/_ext/1171490990/startup_xc32.o
 .debug_loc     0x00002195       0x76 build/default/production/_ext/1171490990/freertos_hooks.o
 .debug_loc     0x0000220b       0xfb build/default/production/_ext/1171490990/tasks.o
 .debug_loc     0x00002306      0x14d build/default/production/_ext/1624415188/port.o
 .debug_loc     0x00002453       0x80 build/default/production/_ext/1665200909/heap_1.o
 .debug_loc     0x000024d3       0xa6 build/default/production/_ext/404212886/list.o
 .debug_loc     0x00002579     0x18f0 build/default/production/_ext/404212886/queue.o
 .debug_loc     0x00003e69     0x1fb9 build/default/production/_ext/404212886/FreeRTOS_tasks.o
 .debug_loc     0x00005e22       0x20 build/default/production/_ext/1360937237/main_d21.o
 .debug_loc     0x00005e42       0xc4 build/default/production/_ext/1360937237/app1.o
 .debug_loc     0x00005f06       0xe6 build/default/production/_ext/1360937237/app2.o
 .debug_loc     0x00005fec       0x20 build/default/production/_ext/1360937237/app3.o
 .debug_loc     0x0000600c       0x5f build/default/production/_ext/829342655/plib_tc5.o
 .debug_loc     0x0000606b       0x5f build/default/production/_ext/829342655/plib_tc4.o
 .debug_loc     0x000060ca       0x14 c:/program files/microchip/xc32/v3.01/bin/bin/../../lib/gcc/pic32c/8.3.1/../../../../pic32c/lib/thumb/v6-m/nofp\libpic32c.a(data_init.o)
 .debug_loc     0x000060de      0x41c c:/program files/microchip/xc32/v3.01/bin/bin/../../lib/gcc/pic32c/8.3.1/thumb/v6-m/nofp\libgcc.a(_udivmoddi4.o)
 .debug_loc     0x000064fa       0x14 c:/program files/microchip/xc32/v3.01/bin/bin/../../lib/gcc/pic32c/8.3.1/../../../../pic32c/lib/thumb/v6-m/nofp\libpic32c.a(_close.o)
 .debug_loc     0x0000650e       0x14 c:/program files/microchip/xc32/v3.01/bin/bin/../../lib/gcc/pic32c/8.3.1/../../../../pic32c/lib/thumb/v6-m/nofp\libpic32c.a(_fstat.o)
 .debug_loc     0x00006522       0x14 c:/program files/microchip/xc32/v3.01/bin/bin/../../lib/gcc/pic32c/8.3.1/../../../../pic32c/lib/thumb/v6-m/nofp\libpic32c.a(_isatty.o)
 .debug_loc     0x00006536       0x14 c:/program files/microchip/xc32/v3.01/bin/bin/../../lib/gcc/pic32c/8.3.1/../../../../pic32c/lib/thumb/v6-m/nofp\libpic32c.a(_lseek.o)
 .debug_loc     0x0000654a       0x14 c:/program files/microchip/xc32/v3.01/bin/bin/../../lib/gcc/pic32c/8.3.1/../../../../pic32c/lib/thumb/v6-m/nofp\libpic32c.a(_read.o)
 .debug_loc     0x0000655e       0x14 c:/program files/microchip/xc32/v3.01/bin/bin/../../lib/gcc/pic32c/8.3.1/../../../../pic32c/lib/thumb/v6-m/nofp\libpic32c.a(_write.o)
 .debug_loc     0x00006572       0x14 c:/program files/microchip/xc32/v3.01/bin/bin/../../lib/gcc/pic32c/8.3.1/../../../../pic32c/lib/thumb/v6-m/nofp\libpic32c.a(read.o)
 .debug_loc     0x00006586       0x14 c:/program files/microchip/xc32/v3.01/bin/bin/../../lib/gcc/pic32c/8.3.1/../../../../pic32c/lib/thumb/v6-m/nofp\libpic32c.a(write.o)

.debug_aranges  0x00000000      0xbb8
 .debug_aranges
                0x00000000       0x70 build/default/production/_ext/869808652/drv_usart.o
 .debug_aranges
                0x00000070       0x90 build/default/production/_ext/1529399856/osal_freertos.o
 .debug_aranges
                0x00000100       0x20 build/default/production/_ext/1984496892/plib_clock.o
 .debug_aranges
                0x00000120       0x20 build/default/production/_ext/1986646378/plib_evsys.o
 .debug_aranges
                0x00000140       0x38 build/default/production/_ext/1865468468/plib_nvic.o
 .debug_aranges
                0x00000178       0x60 build/default/production/_ext/1593096446/plib_nvmctrl.o
 .debug_aranges
                0x000001d8       0x70 build/default/production/_ext/1865521619/plib_port.o
 .debug_aranges
                0x00000248       0xb0 build/default/production/_ext/504274921/plib_sercom5_usart.o
 .debug_aranges
                0x000002f8       0x28 build/default/production/_ext/163028504/xc32_monitor.o
 .debug_aranges
                0x00000320       0x28 build/default/production/_ext/14461671/sys_dma.o
 .debug_aranges
                0x00000348       0x20 build/default/production/_ext/1171490990/initialization.o
 .debug_aranges
                0x00000368       0x20 build/default/production/_ext/1171490990/interrupts.o
 .debug_aranges
                0x00000388       0x28 build/default/production/_ext/1171490990/exceptions.o
 .debug_aranges
                0x000003b0       0x28 build/default/production/_ext/1171490990/startup_xc32.o
 .debug_aranges
                0x000003d8       0x40 build/default/production/_ext/1171490990/freertos_hooks.o
 .debug_aranges
                0x00000418       0x38 build/default/production/_ext/1171490990/tasks.o
 .debug_aranges
                0x00000450       0x88 build/default/production/_ext/1624415188/port.o
 .debug_aranges
                0x000004d8       0x38 build/default/production/_ext/1665200909/heap_1.o
 .debug_aranges
                0x00000510       0x40 build/default/production/_ext/404212886/list.o
 .debug_aranges
                0x00000550       0xc8 build/default/production/_ext/404212886/queue.o
 .debug_aranges
                0x00000618      0x178 build/default/production/_ext/404212886/FreeRTOS_tasks.o
 .debug_aranges
                0x00000790       0x20 build/default/production/_ext/1360937237/main_d21.o
 .debug_aranges
                0x000007b0       0x30 build/default/production/_ext/1360937237/app1.o
 .debug_aranges
                0x000007e0       0x30 build/default/production/_ext/1360937237/app2.o
 .debug_aranges
                0x00000810       0x28 build/default/production/_ext/1360937237/app3.o
 .debug_aranges
                0x00000838       0x80 build/default/production/_ext/829342655/plib_tc5.o
 .debug_aranges
                0x000008b8       0x80 build/default/production/_ext/829342655/plib_tc4.o
 .debug_aranges
                0x00000938       0x20 c:/program files/microchip/xc32/v3.01/bin/bin/../../lib/gcc/pic32c/8.3.1/../../../../pic32c/lib/thumb/v6-m/nofp\libpic32c.a(data_init.o)
 .debug_aranges
                0x00000958       0x20 c:/program files/microchip/xc32/v3.01/bin/bin/../../lib/gcc/pic32c/8.3.1/thumb/v6-m/nofp\libgcc.a(_aeabi_uldivmod.o)
 .debug_aranges
                0x00000978       0x20 c:/program files/microchip/xc32/v3.01/bin/bin/../../lib/gcc/pic32c/8.3.1/thumb/v6-m/nofp\libgcc.a(_udivmoddi4.o)
 .debug_aranges
                0x00000998       0x20 c:/program files/microchip/xc32/v3.01/bin/bin/../../lib/gcc/pic32c/8.3.1/thumb/v6-m/nofp\libgcc.a(_dvmd_tls.o)
 .debug_aranges
                0x000009b8       0x20 c:/program files/microchip/xc32/v3.01/bin/bin/../../lib/gcc/pic32c/8.3.1/thumb/v6-m/nofp\libgcc.a(_clzdi2.o)
 .debug_aranges
                0x000009d8       0x20 c:/program files/microchip/xc32/v3.01/bin/bin/../../lib/gcc/pic32c/8.3.1/thumb/v6-m/nofp\libgcc.a(_clzsi2.o)
 .debug_aranges
                0x000009f8       0x20 c:/program files/microchip/xc32/v3.01/bin/bin/../../lib/gcc/pic32c/8.3.1/../../../../pic32c/lib/thumb/v6-m/nofp\libpic32c.a(_close.o)
 .debug_aranges
                0x00000a18       0x20 c:/program files/microchip/xc32/v3.01/bin/bin/../../lib/gcc/pic32c/8.3.1/../../../../pic32c/lib/thumb/v6-m/nofp\libpic32c.a(_fstat.o)
 .debug_aranges
                0x00000a38       0x20 c:/program files/microchip/xc32/v3.01/bin/bin/../../lib/gcc/pic32c/8.3.1/../../../../pic32c/lib/thumb/v6-m/nofp\libpic32c.a(_isatty.o)
 .debug_aranges
                0x00000a58       0x20 c:/program files/microchip/xc32/v3.01/bin/bin/../../lib/gcc/pic32c/8.3.1/../../../../pic32c/lib/thumb/v6-m/nofp\libpic32c.a(_lseek.o)
 .debug_aranges
                0x00000a78       0x20 c:/program files/microchip/xc32/v3.01/bin/bin/../../lib/gcc/pic32c/8.3.1/../../../../pic32c/lib/thumb/v6-m/nofp\libpic32c.a(_read.o)
 .debug_aranges
                0x00000a98       0x20 c:/program files/microchip/xc32/v3.01/bin/bin/../../lib/gcc/pic32c/8.3.1/../../../../pic32c/lib/thumb/v6-m/nofp\libpic32c.a(sbrk.o)
 .debug_aranges
                0x00000ab8       0x20 c:/program files/microchip/xc32/v3.01/bin/bin/../../lib/gcc/pic32c/8.3.1/../../../../pic32c/lib/thumb/v6-m/nofp\libpic32c.a(_write.o)
 .debug_aranges
                0x00000ad8       0x20 c:/program files/microchip/xc32/v3.01/bin/bin/../../lib/gcc/pic32c/8.3.1/../../../../pic32c/lib/thumb/v6-m/nofp\libpic32c.a(close.o)
 .debug_aranges
                0x00000af8       0x20 c:/program files/microchip/xc32/v3.01/bin/bin/../../lib/gcc/pic32c/8.3.1/../../../../pic32c/lib/thumb/v6-m/nofp\libpic32c.a(fstat.o)
 .debug_aranges
                0x00000b18       0x20 c:/program files/microchip/xc32/v3.01/bin/bin/../../lib/gcc/pic32c/8.3.1/../../../../pic32c/lib/thumb/v6-m/nofp\libpic32c.a(isatty.o)
 .debug_aranges
                0x00000b38       0x20 c:/program files/microchip/xc32/v3.01/bin/bin/../../lib/gcc/pic32c/8.3.1/../../../../pic32c/lib/thumb/v6-m/nofp\libpic32c.a(lseek.o)
 .debug_aranges
                0x00000b58       0x20 c:/program files/microchip/xc32/v3.01/bin/bin/../../lib/gcc/pic32c/8.3.1/../../../../pic32c/lib/thumb/v6-m/nofp\libpic32c.a(read.o)
 .debug_aranges
                0x00000b78       0x20 c:/program files/microchip/xc32/v3.01/bin/bin/../../lib/gcc/pic32c/8.3.1/../../../../pic32c/lib/thumb/v6-m/nofp\libpic32c.a(write.o)
 .debug_aranges
                0x00000b98       0x20 c:/program files/microchip/xc32/v3.01/bin/bin/../../lib/gcc/pic32c/8.3.1/thumb/v6-m/nofp\libgcc.a(_udivsi3.o)

.debug_ranges   0x00000000      0xad8
 .debug_ranges  0x00000000       0x90 build/default/production/_ext/869808652/drv_usart.o
 .debug_ranges  0x00000090       0x80 build/default/production/_ext/1529399856/osal_freertos.o
 .debug_ranges  0x00000110       0x28 build/default/production/_ext/1984496892/plib_clock.o
 .debug_ranges  0x00000138       0x10 build/default/production/_ext/1986646378/plib_evsys.o
 .debug_ranges  0x00000148       0x28 build/default/production/_ext/1865468468/plib_nvic.o
 .debug_ranges  0x00000170       0x50 build/default/production/_ext/1593096446/plib_nvmctrl.o
 .debug_ranges  0x000001c0       0x60 build/default/production/_ext/1865521619/plib_port.o
 .debug_ranges  0x00000220       0xd0 build/default/production/_ext/504274921/plib_sercom5_usart.o
 .debug_ranges  0x000002f0       0x18 build/default/production/_ext/163028504/xc32_monitor.o
 .debug_ranges  0x00000308       0x18 build/default/production/_ext/14461671/sys_dma.o
 .debug_ranges  0x00000320       0x10 build/default/production/_ext/1171490990/initialization.o
 .debug_ranges  0x00000330       0x10 build/default/production/_ext/1171490990/interrupts.o
 .debug_ranges  0x00000340       0x18 build/default/production/_ext/1171490990/exceptions.o
 .debug_ranges  0x00000358       0x18 build/default/production/_ext/1171490990/startup_xc32.o
 .debug_ranges  0x00000370       0x30 build/default/production/_ext/1171490990/freertos_hooks.o
 .debug_ranges  0x000003a0       0x28 build/default/production/_ext/1171490990/tasks.o
 .debug_ranges  0x000003c8       0x78 build/default/production/_ext/1624415188/port.o
 .debug_ranges  0x00000440       0x28 build/default/production/_ext/1665200909/heap_1.o
 .debug_ranges  0x00000468       0x30 build/default/production/_ext/404212886/list.o
 .debug_ranges  0x00000498      0x1a8 build/default/production/_ext/404212886/queue.o
 .debug_ranges  0x00000640      0x270 build/default/production/_ext/404212886/FreeRTOS_tasks.o
 .debug_ranges  0x000008b0       0x10 build/default/production/_ext/1360937237/main_d21.o
 .debug_ranges  0x000008c0       0x20 build/default/production/_ext/1360937237/app1.o
 .debug_ranges  0x000008e0       0x20 build/default/production/_ext/1360937237/app2.o
 .debug_ranges  0x00000900       0x18 build/default/production/_ext/1360937237/app3.o
 .debug_ranges  0x00000918       0x70 build/default/production/_ext/829342655/plib_tc5.o
 .debug_ranges  0x00000988       0x70 build/default/production/_ext/829342655/plib_tc4.o
 .debug_ranges  0x000009f8       0x10 c:/program files/microchip/xc32/v3.01/bin/bin/../../lib/gcc/pic32c/8.3.1/../../../../pic32c/lib/thumb/v6-m/nofp\libpic32c.a(data_init.o)
 .debug_ranges  0x00000a08       0x10 c:/program files/microchip/xc32/v3.01/bin/bin/../../lib/gcc/pic32c/8.3.1/../../../../pic32c/lib/thumb/v6-m/nofp\libpic32c.a(_close.o)
 .debug_ranges  0x00000a18       0x10 c:/program files/microchip/xc32/v3.01/bin/bin/../../lib/gcc/pic32c/8.3.1/../../../../pic32c/lib/thumb/v6-m/nofp\libpic32c.a(_fstat.o)
 .debug_ranges  0x00000a28       0x10 c:/program files/microchip/xc32/v3.01/bin/bin/../../lib/gcc/pic32c/8.3.1/../../../../pic32c/lib/thumb/v6-m/nofp\libpic32c.a(_isatty.o)
 .debug_ranges  0x00000a38       0x10 c:/program files/microchip/xc32/v3.01/bin/bin/../../lib/gcc/pic32c/8.3.1/../../../../pic32c/lib/thumb/v6-m/nofp\libpic32c.a(_lseek.o)
 .debug_ranges  0x00000a48       0x10 c:/program files/microchip/xc32/v3.01/bin/bin/../../lib/gcc/pic32c/8.3.1/../../../../pic32c/lib/thumb/v6-m/nofp\libpic32c.a(_read.o)
 .debug_ranges  0x00000a58       0x10 c:/program files/microchip/xc32/v3.01/bin/bin/../../lib/gcc/pic32c/8.3.1/../../../../pic32c/lib/thumb/v6-m/nofp\libpic32c.a(sbrk.o)
 .debug_ranges  0x00000a68       0x10 c:/program files/microchip/xc32/v3.01/bin/bin/../../lib/gcc/pic32c/8.3.1/../../../../pic32c/lib/thumb/v6-m/nofp\libpic32c.a(_write.o)
 .debug_ranges  0x00000a78       0x10 c:/program files/microchip/xc32/v3.01/bin/bin/../../lib/gcc/pic32c/8.3.1/../../../../pic32c/lib/thumb/v6-m/nofp\libpic32c.a(close.o)
 .debug_ranges  0x00000a88       0x10 c:/program files/microchip/xc32/v3.01/bin/bin/../../lib/gcc/pic32c/8.3.1/../../../../pic32c/lib/thumb/v6-m/nofp\libpic32c.a(fstat.o)
 .debug_ranges  0x00000a98       0x10 c:/program files/microchip/xc32/v3.01/bin/bin/../../lib/gcc/pic32c/8.3.1/../../../../pic32c/lib/thumb/v6-m/nofp\libpic32c.a(isatty.o)
 .debug_ranges  0x00000aa8       0x10 c:/program files/microchip/xc32/v3.01/bin/bin/../../lib/gcc/pic32c/8.3.1/../../../../pic32c/lib/thumb/v6-m/nofp\libpic32c.a(lseek.o)
 .debug_ranges  0x00000ab8       0x10 c:/program files/microchip/xc32/v3.01/bin/bin/../../lib/gcc/pic32c/8.3.1/../../../../pic32c/lib/thumb/v6-m/nofp\libpic32c.a(read.o)
 .debug_ranges  0x00000ac8       0x10 c:/program files/microchip/xc32/v3.01/bin/bin/../../lib/gcc/pic32c/8.3.1/../../../../pic32c/lib/thumb/v6-m/nofp\libpic32c.a(write.o)

.debug_line     0x00000000     0x8bd4
 .debug_line    0x00000000      0x928 build/default/production/_ext/869808652/drv_usart.o
 .debug_line    0x00000928      0x4ce build/default/production/_ext/1529399856/osal_freertos.o
 .debug_line    0x00000df6      0x22e build/default/production/_ext/1984496892/plib_clock.o
 .debug_line    0x00001024       0x66 build/default/production/_ext/1986646378/plib_evsys.o
 .debug_line    0x0000108a      0x371 build/default/production/_ext/1865468468/plib_nvic.o
 .debug_line    0x000013fb      0x33b build/default/production/_ext/1593096446/plib_nvmctrl.o
 .debug_line    0x00001736      0x30c build/default/production/_ext/1865521619/plib_port.o
 .debug_line    0x00001a42      0x92d build/default/production/_ext/504274921/plib_sercom5_usart.o
 .debug_line    0x0000236f       0x7d build/default/production/_ext/163028504/xc32_monitor.o
 .debug_line    0x000023ec       0x7d build/default/production/_ext/14461671/sys_dma.o
 .debug_line    0x00002469      0x58a build/default/production/_ext/1171490990/initialization.o
 .debug_line    0x000029f3      0x274 build/default/production/_ext/1171490990/interrupts.o
 .debug_line    0x00002c67      0x275 build/default/production/_ext/1171490990/exceptions.o
 .debug_line    0x00002edc      0x1a3 build/default/production/_ext/1171490990/startup_xc32.o
 .debug_line    0x0000307f      0x161 build/default/production/_ext/1171490990/freertos_hooks.o
 .debug_line    0x000031e0      0x2e1 build/default/production/_ext/1171490990/tasks.o
 .debug_line    0x000034c1      0x372 build/default/production/_ext/1624415188/port.o
 .debug_line    0x00003833      0x2d8 build/default/production/_ext/1665200909/heap_1.o
 .debug_line    0x00003b0b      0x3c0 build/default/production/_ext/404212886/list.o
 .debug_line    0x00003ecb      0xf08 build/default/production/_ext/404212886/queue.o
 .debug_line    0x00004dd3     0x1750 build/default/production/_ext/404212886/FreeRTOS_tasks.o
 .debug_line    0x00006523      0x260 build/default/production/_ext/1360937237/main_d21.o
 .debug_line    0x00006783      0x458 build/default/production/_ext/1360937237/app1.o
 .debug_line    0x00006bdb      0x467 build/default/production/_ext/1360937237/app2.o
 .debug_line    0x00007042      0x2fc build/default/production/_ext/1360937237/app3.o
 .debug_line    0x0000733e      0x3b3 build/default/production/_ext/829342655/plib_tc5.o
 .debug_line    0x000076f1      0x3b3 build/default/production/_ext/829342655/plib_tc4.o
 .debug_line    0x00007aa4      0x132 c:/program files/microchip/xc32/v3.01/bin/bin/../../lib/gcc/pic32c/8.3.1/../../../../pic32c/lib/thumb/v6-m/nofp\libpic32c.a(data_init.o)
 .debug_line    0x00007bd6       0xa7 c:/program files/microchip/xc32/v3.01/bin/bin/../../lib/gcc/pic32c/8.3.1/thumb/v6-m/nofp\libgcc.a(_aeabi_uldivmod.o)
 .debug_line    0x00007c7d      0x3d7 c:/program files/microchip/xc32/v3.01/bin/bin/../../lib/gcc/pic32c/8.3.1/thumb/v6-m/nofp\libgcc.a(_udivmoddi4.o)
 .debug_line    0x00008054       0x9c c:/program files/microchip/xc32/v3.01/bin/bin/../../lib/gcc/pic32c/8.3.1/thumb/v6-m/nofp\libgcc.a(_dvmd_tls.o)
 .debug_line    0x000080f0       0xa6 c:/program files/microchip/xc32/v3.01/bin/bin/../../lib/gcc/pic32c/8.3.1/thumb/v6-m/nofp\libgcc.a(_clzdi2.o)
 .debug_line    0x00008196       0xb0 c:/program files/microchip/xc32/v3.01/bin/bin/../../lib/gcc/pic32c/8.3.1/thumb/v6-m/nofp\libgcc.a(_clzsi2.o)
 .debug_line    0x00008246       0xa2 c:/program files/microchip/xc32/v3.01/bin/bin/../../lib/gcc/pic32c/8.3.1/../../../../pic32c/lib/thumb/v6-m/nofp\libpic32c.a(_close.o)
 .debug_line    0x000082e8       0xa2 c:/program files/microchip/xc32/v3.01/bin/bin/../../lib/gcc/pic32c/8.3.1/../../../../pic32c/lib/thumb/v6-m/nofp\libpic32c.a(_fstat.o)
 .debug_line    0x0000838a       0xa3 c:/program files/microchip/xc32/v3.01/bin/bin/../../lib/gcc/pic32c/8.3.1/../../../../pic32c/lib/thumb/v6-m/nofp\libpic32c.a(_isatty.o)
 .debug_line    0x0000842d       0xa2 c:/program files/microchip/xc32/v3.01/bin/bin/../../lib/gcc/pic32c/8.3.1/../../../../pic32c/lib/thumb/v6-m/nofp\libpic32c.a(_lseek.o)
 .debug_line    0x000084cf       0xa1 c:/program files/microchip/xc32/v3.01/bin/bin/../../lib/gcc/pic32c/8.3.1/../../../../pic32c/lib/thumb/v6-m/nofp\libpic32c.a(_read.o)
 .debug_line    0x00008570       0xb5 c:/program files/microchip/xc32/v3.01/bin/bin/../../lib/gcc/pic32c/8.3.1/../../../../pic32c/lib/thumb/v6-m/nofp\libpic32c.a(sbrk.o)
 .debug_line    0x00008625       0xa2 c:/program files/microchip/xc32/v3.01/bin/bin/../../lib/gcc/pic32c/8.3.1/../../../../pic32c/lib/thumb/v6-m/nofp\libpic32c.a(_write.o)
 .debug_line    0x000086c7       0xa1 c:/program files/microchip/xc32/v3.01/bin/bin/../../lib/gcc/pic32c/8.3.1/../../../../pic32c/lib/thumb/v6-m/nofp\libpic32c.a(close.o)
 .debug_line    0x00008768      0x10c c:/program files/microchip/xc32/v3.01/bin/bin/../../lib/gcc/pic32c/8.3.1/../../../../pic32c/lib/thumb/v6-m/nofp\libpic32c.a(fstat.o)
 .debug_line    0x00008874       0x9d c:/program files/microchip/xc32/v3.01/bin/bin/../../lib/gcc/pic32c/8.3.1/../../../../pic32c/lib/thumb/v6-m/nofp\libpic32c.a(isatty.o)
 .debug_line    0x00008911       0x9e c:/program files/microchip/xc32/v3.01/bin/bin/../../lib/gcc/pic32c/8.3.1/../../../../pic32c/lib/thumb/v6-m/nofp\libpic32c.a(lseek.o)
 .debug_line    0x000089af       0xb8 c:/program files/microchip/xc32/v3.01/bin/bin/../../lib/gcc/pic32c/8.3.1/../../../../pic32c/lib/thumb/v6-m/nofp\libpic32c.a(read.o)
 .debug_line    0x00008a67       0xc5 c:/program files/microchip/xc32/v3.01/bin/bin/../../lib/gcc/pic32c/8.3.1/../../../../pic32c/lib/thumb/v6-m/nofp\libpic32c.a(write.o)
 .debug_line    0x00008b2c       0xa8 c:/program files/microchip/xc32/v3.01/bin/bin/../../lib/gcc/pic32c/8.3.1/thumb/v6-m/nofp\libgcc.a(_udivsi3.o)

.debug_str      0x00000000     0x139e
 .debug_str     0x00000000      0x12d build/default/production/_ext/869808652/drv_usart.o
 .debug_str     0x0000012d      0x13b build/default/production/_ext/1529399856/osal_freertos.o
 .debug_str     0x00000268       0x28 build/default/production/_ext/1984496892/plib_clock.o
 .debug_str     0x00000290        0x0 build/default/production/_ext/1986646378/plib_evsys.o
 .debug_str     0x00000290        0xa build/default/production/_ext/1865468468/plib_nvic.o
 .debug_str     0x0000029a       0x1f build/default/production/_ext/1593096446/plib_nvmctrl.o
 .debug_str     0x000002b9        0xb build/default/production/_ext/1865521619/plib_port.o
 .debug_str     0x000002c4      0x101 build/default/production/_ext/504274921/plib_sercom5_usart.o
 .debug_str     0x000003c5        0x0 build/default/production/_ext/163028504/xc32_monitor.o
 .debug_str     0x000003c5        0x0 build/default/production/_ext/14461671/sys_dma.o
 .debug_str     0x000003c5      0x15b build/default/production/_ext/1171490990/initialization.o
 .debug_str     0x00000520        0xe build/default/production/_ext/1171490990/interrupts.o
 .debug_str     0x0000052e        0xe build/default/production/_ext/1171490990/exceptions.o
 .debug_str     0x0000053c       0x2f build/default/production/_ext/1171490990/startup_xc32.o
 .debug_str     0x0000056b       0x25 build/default/production/_ext/1171490990/freertos_hooks.o
 .debug_str     0x00000590       0x5c build/default/production/_ext/1171490990/tasks.o
 .debug_str     0x000005ec       0x26 build/default/production/_ext/1624415188/port.o
 .debug_str     0x00000612       0x4a build/default/production/_ext/1665200909/heap_1.o
 .debug_str     0x0000065c       0x39 build/default/production/_ext/404212886/list.o
 .debug_str     0x00000695      0x2cd build/default/production/_ext/404212886/queue.o
 .debug_str     0x00000962      0x2b6 build/default/production/_ext/404212886/FreeRTOS_tasks.o
 .debug_str     0x00000c18       0x27 build/default/production/_ext/1360937237/main_d21.o
 .debug_str     0x00000c3f       0xa3 build/default/production/_ext/1360937237/app1.o
 .debug_str     0x00000ce2       0x95 build/default/production/_ext/1360937237/app2.o
 .debug_str     0x00000d77       0x19 build/default/production/_ext/1360937237/app3.o
 .debug_str     0x00000d90       0xb4 build/default/production/_ext/829342655/plib_tc5.o
 .debug_str     0x00000e44       0xb4 build/default/production/_ext/829342655/plib_tc4.o
 .debug_str     0x00000ef8        0x0 c:/program files/microchip/xc32/v3.01/bin/bin/../../lib/gcc/pic32c/8.3.1/../../../../pic32c/lib/thumb/v6-m/nofp\libpic32c.a(data_init.o)
 .debug_str     0x00000ef8       0xee c:/program files/microchip/xc32/v3.01/bin/bin/../../lib/gcc/pic32c/8.3.1/thumb/v6-m/nofp\libgcc.a(_aeabi_uldivmod.o)
 .debug_str     0x00000fe6        0x0 c:/program files/microchip/xc32/v3.01/bin/bin/../../lib/gcc/pic32c/8.3.1/thumb/v6-m/nofp\libgcc.a(_udivmoddi4.o)
 .debug_str     0x00000fe6       0xee c:/program files/microchip/xc32/v3.01/bin/bin/../../lib/gcc/pic32c/8.3.1/thumb/v6-m/nofp\libgcc.a(_dvmd_tls.o)
 .debug_str     0x000010d4       0xee c:/program files/microchip/xc32/v3.01/bin/bin/../../lib/gcc/pic32c/8.3.1/thumb/v6-m/nofp\libgcc.a(_clzdi2.o)
 .debug_str     0x000011c2       0xee c:/program files/microchip/xc32/v3.01/bin/bin/../../lib/gcc/pic32c/8.3.1/thumb/v6-m/nofp\libgcc.a(_clzsi2.o)
 .debug_str     0x000012b0        0x0 c:/program files/microchip/xc32/v3.01/bin/bin/../../lib/gcc/pic32c/8.3.1/../../../../pic32c/lib/thumb/v6-m/nofp\libpic32c.a(_close.o)
 .debug_str     0x000012b0        0x0 c:/program files/microchip/xc32/v3.01/bin/bin/../../lib/gcc/pic32c/8.3.1/../../../../pic32c/lib/thumb/v6-m/nofp\libpic32c.a(_fstat.o)
 .debug_str     0x000012b0        0x0 c:/program files/microchip/xc32/v3.01/bin/bin/../../lib/gcc/pic32c/8.3.1/../../../../pic32c/lib/thumb/v6-m/nofp\libpic32c.a(_isatty.o)
 .debug_str     0x000012b0        0x0 c:/program files/microchip/xc32/v3.01/bin/bin/../../lib/gcc/pic32c/8.3.1/../../../../pic32c/lib/thumb/v6-m/nofp\libpic32c.a(_lseek.o)
 .debug_str     0x000012b0        0x0 c:/program files/microchip/xc32/v3.01/bin/bin/../../lib/gcc/pic32c/8.3.1/../../../../pic32c/lib/thumb/v6-m/nofp\libpic32c.a(_read.o)
 .debug_str     0x000012b0        0x0 c:/program files/microchip/xc32/v3.01/bin/bin/../../lib/gcc/pic32c/8.3.1/../../../../pic32c/lib/thumb/v6-m/nofp\libpic32c.a(sbrk.o)
 .debug_str     0x000012b0        0x0 c:/program files/microchip/xc32/v3.01/bin/bin/../../lib/gcc/pic32c/8.3.1/../../../../pic32c/lib/thumb/v6-m/nofp\libpic32c.a(_write.o)
 .debug_str     0x000012b0        0x0 c:/program files/microchip/xc32/v3.01/bin/bin/../../lib/gcc/pic32c/8.3.1/../../../../pic32c/lib/thumb/v6-m/nofp\libpic32c.a(close.o)
 .debug_str     0x000012b0        0x0 c:/program files/microchip/xc32/v3.01/bin/bin/../../lib/gcc/pic32c/8.3.1/../../../../pic32c/lib/thumb/v6-m/nofp\libpic32c.a(fstat.o)
 .debug_str     0x000012b0        0x0 c:/program files/microchip/xc32/v3.01/bin/bin/../../lib/gcc/pic32c/8.3.1/../../../../pic32c/lib/thumb/v6-m/nofp\libpic32c.a(isatty.o)
 .debug_str     0x000012b0        0x0 c:/program files/microchip/xc32/v3.01/bin/bin/../../lib/gcc/pic32c/8.3.1/../../../../pic32c/lib/thumb/v6-m/nofp\libpic32c.a(lseek.o)
 .debug_str     0x000012b0        0x0 c:/program files/microchip/xc32/v3.01/bin/bin/../../lib/gcc/pic32c/8.3.1/../../../../pic32c/lib/thumb/v6-m/nofp\libpic32c.a(read.o)
 .debug_str     0x000012b0        0x0 c:/program files/microchip/xc32/v3.01/bin/bin/../../lib/gcc/pic32c/8.3.1/../../../../pic32c/lib/thumb/v6-m/nofp\libpic32c.a(write.o)
 .debug_str     0x000012b0       0xee c:/program files/microchip/xc32/v3.01/bin/bin/../../lib/gcc/pic32c/8.3.1/thumb/v6-m/nofp\libgcc.a(_udivsi3.o)

.debug_frame    0x00000000     0x162c
 .debug_frame   0x00000000      0x128 build/default/production/_ext/869808652/drv_usart.o
 .debug_frame   0x00000128      0x174 build/default/production/_ext/1529399856/osal_freertos.o
 .debug_frame   0x0000029c       0x20 build/default/production/_ext/1984496892/plib_clock.o
 .debug_frame   0x000002bc       0x20 build/default/production/_ext/1986646378/plib_evsys.o
 .debug_frame   0x000002dc       0x50 build/default/production/_ext/1865468468/plib_nvic.o
 .debug_frame   0x0000032c       0xb8 build/default/production/_ext/1593096446/plib_nvmctrl.o
 .debug_frame   0x000003e4       0xcc build/default/production/_ext/1865521619/plib_port.o
 .debug_frame   0x000004b0      0x180 build/default/production/_ext/504274921/plib_sercom5_usart.o
 .debug_frame   0x00000630       0x30 build/default/production/_ext/163028504/xc32_monitor.o
 .debug_frame   0x00000660       0x30 build/default/production/_ext/14461671/sys_dma.o
 .debug_frame   0x00000690       0x28 build/default/production/_ext/1171490990/initialization.o
 .debug_frame   0x000006b8       0x20 build/default/production/_ext/1171490990/interrupts.o
 .debug_frame   0x000006d8       0x30 build/default/production/_ext/1171490990/exceptions.o
 .debug_frame   0x00000708       0x38 build/default/production/_ext/1171490990/startup_xc32.o
 .debug_frame   0x00000740       0x68 build/default/production/_ext/1171490990/freertos_hooks.o
 .debug_frame   0x000007a8       0x74 build/default/production/_ext/1171490990/tasks.o
 .debug_frame   0x0000081c      0x10c build/default/production/_ext/1624415188/port.o
 .debug_frame   0x00000928       0x5c build/default/production/_ext/1665200909/heap_1.o
 .debug_frame   0x00000984       0x6c build/default/production/_ext/404212886/list.o
 .debug_frame   0x000009f0      0x26c build/default/production/_ext/404212886/queue.o
 .debug_frame   0x00000c5c      0x470 build/default/production/_ext/404212886/FreeRTOS_tasks.o
 .debug_frame   0x000010cc       0x28 build/default/production/_ext/1360937237/main_d21.o
 .debug_frame   0x000010f4       0x5c build/default/production/_ext/1360937237/app1.o
 .debug_frame   0x00001150       0x5c build/default/production/_ext/1360937237/app2.o
 .debug_frame   0x000011ac       0x38 build/default/production/_ext/1360937237/app3.o
 .debug_frame   0x000011e4       0xe8 build/default/production/_ext/829342655/plib_tc5.o
 .debug_frame   0x000012cc       0xe8 build/default/production/_ext/829342655/plib_tc4.o
 .debug_frame   0x000013b4       0x34 c:/program files/microchip/xc32/v3.01/bin/bin/../../lib/gcc/pic32c/8.3.1/../../../../pic32c/lib/thumb/v6-m/nofp\libpic32c.a(data_init.o)
 .debug_frame   0x000013e8       0x3c c:/program files/microchip/xc32/v3.01/bin/bin/../../lib/gcc/pic32c/8.3.1/thumb/v6-m/nofp\libgcc.a(_udivmoddi4.o)
 .debug_frame   0x00001424       0x28 c:/program files/microchip/xc32/v3.01/bin/bin/../../lib/gcc/pic32c/8.3.1/../../../../pic32c/lib/thumb/v6-m/nofp\libpic32c.a(_close.o)
 .debug_frame   0x0000144c       0x28 c:/program files/microchip/xc32/v3.01/bin/bin/../../lib/gcc/pic32c/8.3.1/../../../../pic32c/lib/thumb/v6-m/nofp\libpic32c.a(_fstat.o)
 .debug_frame   0x00001474       0x28 c:/program files/microchip/xc32/v3.01/bin/bin/../../lib/gcc/pic32c/8.3.1/../../../../pic32c/lib/thumb/v6-m/nofp\libpic32c.a(_isatty.o)
 .debug_frame   0x0000149c       0x28 c:/program files/microchip/xc32/v3.01/bin/bin/../../lib/gcc/pic32c/8.3.1/../../../../pic32c/lib/thumb/v6-m/nofp\libpic32c.a(_lseek.o)
 .debug_frame   0x000014c4       0x28 c:/program files/microchip/xc32/v3.01/bin/bin/../../lib/gcc/pic32c/8.3.1/../../../../pic32c/lib/thumb/v6-m/nofp\libpic32c.a(_read.o)
 .debug_frame   0x000014ec       0x20 c:/program files/microchip/xc32/v3.01/bin/bin/../../lib/gcc/pic32c/8.3.1/../../../../pic32c/lib/thumb/v6-m/nofp\libpic32c.a(sbrk.o)
 .debug_frame   0x0000150c       0x28 c:/program files/microchip/xc32/v3.01/bin/bin/../../lib/gcc/pic32c/8.3.1/../../../../pic32c/lib/thumb/v6-m/nofp\libpic32c.a(_write.o)
 .debug_frame   0x00001534       0x20 c:/program files/microchip/xc32/v3.01/bin/bin/../../lib/gcc/pic32c/8.3.1/../../../../pic32c/lib/thumb/v6-m/nofp\libpic32c.a(close.o)
 .debug_frame   0x00001554       0x20 c:/program files/microchip/xc32/v3.01/bin/bin/../../lib/gcc/pic32c/8.3.1/../../../../pic32c/lib/thumb/v6-m/nofp\libpic32c.a(fstat.o)
 .debug_frame   0x00001574       0x20 c:/program files/microchip/xc32/v3.01/bin/bin/../../lib/gcc/pic32c/8.3.1/../../../../pic32c/lib/thumb/v6-m/nofp\libpic32c.a(isatty.o)
 .debug_frame   0x00001594       0x20 c:/program files/microchip/xc32/v3.01/bin/bin/../../lib/gcc/pic32c/8.3.1/../../../../pic32c/lib/thumb/v6-m/nofp\libpic32c.a(lseek.o)
 .debug_frame   0x000015b4       0x2c c:/program files/microchip/xc32/v3.01/bin/bin/../../lib/gcc/pic32c/8.3.1/../../../../pic32c/lib/thumb/v6-m/nofp\libpic32c.a(read.o)
 .debug_frame   0x000015e0       0x2c c:/program files/microchip/xc32/v3.01/bin/bin/../../lib/gcc/pic32c/8.3.1/../../../../pic32c/lib/thumb/v6-m/nofp\libpic32c.a(write.o)
 .debug_frame   0x0000160c       0x20 c:/program files/microchip/xc32/v3.01/bin/bin/../../lib/gcc/pic32c/8.3.1/thumb/v6-m/nofp\libgcc.a(_udivsi3.o)

.stack          0x200016c8      0x100
 .stack         0x200016c8      0x100 stack

.bss.ucHeap%1   0x20000004     0x1000
 .bss.ucHeap    0x20000004     0x1000 build/default/production/_ext/1665200909/heap_1.o

.data.__global_locale%2
                0x20001004      0x16c
 .data.__global_locale
                0x20001004      0x16c c:/program files/microchip/xc32/v3.01/bin/bin/../../lib/gcc/pic32c/8.3.1/../../../../pic32c/lib/thumb/v6-m/nofp\libc_nano.a(lib_a-locale.o)
                0x20001004                __global_locale

.bss.pxReadyTasksLists%3
                0x20001170       0x64
 .bss.pxReadyTasksLists
                0x20001170       0x64 build/default/production/_ext/404212886/FreeRTOS_tasks.o

.data.impure_data%4
                0x200011d4       0x60
 .data.impure_data
                0x200011d4       0x60 c:/program files/microchip/xc32/v3.01/bin/bin/../../lib/gcc/pic32c/8.3.1/../../../../pic32c/lib/thumb/v6-m/nofp\libc_nano.a(lib_a-impure.o)

.bss.gDrvUSARTObj%5
                0x20001234       0x5c
 .bss.gDrvUSARTObj
                0x20001234       0x5c build/default/production/_ext/869808652/drv_usart.o

.bss.sercom5USARTObj%6
                0x20001290       0x30
 .bss.sercom5USARTObj
                0x20001290       0x30 build/default/production/_ext/504274921/plib_sercom5_usart.o

.bss.app1Data%7
                0x200012c0       0x30
 .bss.app1Data  0x200012c0       0x30 build/default/production/_ext/1360937237/app1.o
                0x200012c0                app1Data

.bss.app2Data%8
                0x200012f0       0x30
 .bss.app2Data  0x200012f0       0x30 build/default/production/_ext/1360937237/app2.o
                0x200012f0                app2Data

.bss.drvUSART0ClientObjPool%9
                0x20001320       0x20
 .bss.drvUSART0ClientObjPool
                0x20001320       0x20 build/default/production/_ext/1171490990/initialization.o

.bss.__sf_fake_stderr%10
                0x20001340       0x20
 .bss.__sf_fake_stderr
                0x20001340       0x20 c:/program files/microchip/xc32/v3.01/bin/bin/../../lib/gcc/pic32c/8.3.1/../../../../pic32c/lib/thumb/v6-m/nofp\libc_nano.a(lib_a-findfp.o)
                0x20001340                __sf_fake_stderr

.bss.__sf_fake_stdin%11
                0x20001360       0x20
 .bss.__sf_fake_stdin
                0x20001360       0x20 c:/program files/microchip/xc32/v3.01/bin/bin/../../lib/gcc/pic32c/8.3.1/../../../../pic32c/lib/thumb/v6-m/nofp\libc_nano.a(lib_a-findfp.o)
                0x20001360                __sf_fake_stdin

.bss.__sf_fake_stdout%12
                0x20001380       0x20
 .bss.__sf_fake_stdout
                0x20001380       0x20 c:/program files/microchip/xc32/v3.01/bin/bin/../../lib/gcc/pic32c/8.3.1/../../../../pic32c/lib/thumb/v6-m/nofp\libc_nano.a(lib_a-findfp.o)
                0x20001380                __sf_fake_stdout

.bss%13         0x200013a0       0x1c
 .bss           0x200013a0       0x1c c:/program files/microchip/xc32/v3.01/bin/bin/../../lib/gcc/pic32c/8.3.1/thumb/v6-m/nofp/crtbegin.o

.bss.xDelayedTaskList1%14
                0x200013bc       0x14
 .bss.xDelayedTaskList1
                0x200013bc       0x14 build/default/production/_ext/404212886/FreeRTOS_tasks.o

.bss.xDelayedTaskList2%15
                0x200013d0       0x14
 .bss.xDelayedTaskList2
                0x200013d0       0x14 build/default/production/_ext/404212886/FreeRTOS_tasks.o

.bss.xPendingReadyList%16
                0x200013e4       0x14
 .bss.xPendingReadyList
                0x200013e4       0x14 build/default/production/_ext/404212886/FreeRTOS_tasks.o

.bss.xSuspendedTaskList%17
                0x200013f8       0x14
 .bss.xSuspendedTaskList
                0x200013f8       0x14 build/default/production/_ext/404212886/FreeRTOS_tasks.o

.bss.xTasksWaitingTermination%18
                0x2000140c       0x14
 .bss.xTasksWaitingTermination
                0x2000140c       0x14 build/default/production/_ext/404212886/FreeRTOS_tasks.o

.bss.TC5_CallbackObject%19
                0x20001420        0x8
 .bss.TC5_CallbackObject
                0x20001420        0x8 build/default/production/_ext/829342655/plib_tc5.o
                0x20001420                TC5_CallbackObject

.bss.TC4_CallbackObject%20
                0x20001428        0x8
 .bss.TC4_CallbackObject
                0x20001428        0x8 build/default/production/_ext/829342655/plib_tc4.o
                0x20001428                TC4_CallbackObject

.bss.sysObj%21  0x20001430        0x4
 .bss.sysObj    0x20001430        0x4 build/default/production/_ext/1171490990/initialization.o
                0x20001430                sysObj

.bss.xAPP1_Tasks%22
                0x20001434        0x4
 .bss.xAPP1_Tasks
                0x20001434        0x4 build/default/production/_ext/1171490990/tasks.o
                0x20001434                xAPP1_Tasks

.bss.xAPP2_Tasks%23
                0x20001438        0x4
 .bss.xAPP2_Tasks
                0x20001438        0x4 build/default/production/_ext/1171490990/tasks.o
                0x20001438                xAPP2_Tasks

.bss.xAPP3_Tasks%24
                0x2000143c        0x4
 .bss.xAPP3_Tasks
                0x2000143c        0x4 build/default/production/_ext/1171490990/tasks.o
                0x2000143c                xAPP3_Tasks

.data.uxCriticalNesting%25
                0x20001440        0x4
 .data.uxCriticalNesting
                0x20001440        0x4 build/default/production/_ext/1624415188/port.o

.bss.pucAlignedHeap.5233%26
                0x20001444        0x4
 .bss.pucAlignedHeap.5233
                0x20001444        0x4 build/default/production/_ext/1665200909/heap_1.o

.bss.xNextFreeByte%27
                0x20001448        0x4
 .bss.xNextFreeByte
                0x20001448        0x4 build/default/production/_ext/1665200909/heap_1.o

.bss.pxCurrentTCB%28
                0x2000144c        0x4
 .bss.pxCurrentTCB
                0x2000144c        0x4 build/default/production/_ext/404212886/FreeRTOS_tasks.o
                0x2000144c                pxCurrentTCB

.bss.pxDelayedTaskList%29
                0x20001450        0x4
 .bss.pxDelayedTaskList
                0x20001450        0x4 build/default/production/_ext/404212886/FreeRTOS_tasks.o

.bss.pxOverflowDelayedTaskList%30
                0x20001454        0x4
 .bss.pxOverflowDelayedTaskList
                0x20001454        0x4 build/default/production/_ext/404212886/FreeRTOS_tasks.o

.bss.uxCurrentNumberOfTasks%31
                0x20001458        0x4
 .bss.uxCurrentNumberOfTasks
                0x20001458        0x4 build/default/production/_ext/404212886/FreeRTOS_tasks.o

.bss.uxDeletedTasksWaitingCleanUp%32
                0x2000145c        0x4
 .bss.uxDeletedTasksWaitingCleanUp
                0x2000145c        0x4 build/default/production/_ext/404212886/FreeRTOS_tasks.o

.bss.uxSchedulerSuspended%33
                0x20001460        0x4
 .bss.uxSchedulerSuspended
                0x20001460        0x4 build/default/production/_ext/404212886/FreeRTOS_tasks.o

.bss.uxTaskNumber%34
                0x20001464        0x4
 .bss.uxTaskNumber
                0x20001464        0x4 build/default/production/_ext/404212886/FreeRTOS_tasks.o

.bss.uxTopReadyPriority%35
                0x20001468        0x4
 .bss.uxTopReadyPriority
                0x20001468        0x4 build/default/production/_ext/404212886/FreeRTOS_tasks.o

.bss.xIdleTaskHandle%36
                0x2000146c        0x4
 .bss.xIdleTaskHandle
                0x2000146c        0x4 build/default/production/_ext/404212886/FreeRTOS_tasks.o

.bss.xNextTaskUnblockTime%37
                0x20001470        0x4
 .bss.xNextTaskUnblockTime
                0x20001470        0x4 build/default/production/_ext/404212886/FreeRTOS_tasks.o

.bss.xNumOfOverflows%38
                0x20001474        0x4
 .bss.xNumOfOverflows
                0x20001474        0x4 build/default/production/_ext/404212886/FreeRTOS_tasks.o

.bss.xPendedTicks%39
                0x20001478        0x4
 .bss.xPendedTicks
                0x20001478        0x4 build/default/production/_ext/404212886/FreeRTOS_tasks.o

.bss.xSchedulerRunning%40
                0x2000147c        0x4
 .bss.xSchedulerRunning
                0x2000147c        0x4 build/default/production/_ext/404212886/FreeRTOS_tasks.o

.bss.xTickCount%41
                0x20001480        0x4
 .bss.xTickCount
                0x20001480        0x4 build/default/production/_ext/404212886/FreeRTOS_tasks.o

.bss.xYieldPending%42
                0x20001484        0x4
 .bss.xYieldPending
                0x20001484        0x4 build/default/production/_ext/404212886/FreeRTOS_tasks.o

.bss.eventQueue%43
                0x20001488        0x4
 .bss.eventQueue
                0x20001488        0x4 build/default/production/_ext/1360937237/app1.o
                0x20001488                eventQueue

.bss.times%44   0x2000148c        0x4
 .bss.times     0x2000148c        0x4 build/default/production/_ext/1360937237/app1.o
                0x2000148c                times

.bss%45         0x20001490        0x4
 .bss           0x20001490        0x4 c:/program files/microchip/xc32/v3.01/bin/bin/../../lib/gcc/pic32c/8.3.1/../../../../pic32c/lib/thumb/v6-m/nofp\libpic32c.a(data_init.o)

.data._impure_ptr%46
                0x20001494        0x4
 .data._impure_ptr
                0x20001494        0x4 c:/program files/microchip/xc32/v3.01/bin/bin/../../lib/gcc/pic32c/8.3.1/../../../../pic32c/lib/thumb/v6-m/nofp\libc_nano.a(lib_a-impure.o)
                0x20001494                _impure_ptr

.bss.__malloc_free_list%47
                0x20001498        0x4
 .bss.__malloc_free_list
                0x20001498        0x4 c:/program files/microchip/xc32/v3.01/bin/bin/../../lib/gcc/pic32c/8.3.1/../../../../pic32c/lib/thumb/v6-m/nofp\libc_nano.a(lib_a-nano-mallocr.o)
                0x20001498                __malloc_free_list

.bss.__malloc_sbrk_start%48
                0x2000149c        0x4
 .bss.__malloc_sbrk_start
                0x2000149c        0x4 c:/program files/microchip/xc32/v3.01/bin/bin/../../lib/gcc/pic32c/8.3.1/../../../../pic32c/lib/thumb/v6-m/nofp\libc_nano.a(lib_a-nano-mallocr.o)
                0x2000149c                __malloc_sbrk_start

.bss%49         0x200014a0        0x4
 .bss           0x200014a0        0x4 c:/program files/microchip/xc32/v3.01/bin/bin/../../lib/gcc/pic32c/8.3.1/../../../../pic32c/lib/thumb/v6-m/nofp\libpic32c.a(sbrk.o)

.bss.BT2_Press%50
                0x200014a4        0x1
 .bss.BT2_Press
                0x200014a4        0x1 build/default/production/_ext/1360937237/app1.o
                0x200014a4                BT2_Press

.bss.TC4_active%51
                0x200014a5        0x1
 .bss.TC4_active
                0x200014a5        0x1 build/default/production/_ext/1360937237/app1.o
                0x200014a5                TC4_active

.bss.BT3_Press%52
                0x200014a6        0x1
 .bss.BT3_Press
                0x200014a6        0x1 build/default/production/_ext/1360937237/app2.o
                0x200014a6                BT3_Press

.bss.TC5_active%53
                0x200014a7        0x1
 .bss.TC5_active
                0x200014a7        0x1 build/default/production/_ext/1360937237/app2.o
                0x200014a7                TC5_active

.eh_frame%z1    0x00000000        0x0
 .eh_frame      0x00000000        0x0 c:/program files/microchip/xc32/v3.01/bin/bin/../../lib/gcc/pic32c/8.3.1/thumb/v6-m/nofp/crtbegin.o

.dinit%54       0x000000d8      0x470
 .dinit         0x000000d8      0x470 data_init

.text._vfprintf_r_cdnopuxX%55
                0x00000548      0x3c4
 .text._vfprintf_r_cdnopuxX
                0x00000548      0x3c4 c:/program files/microchip/xc32/v3.01/bin/bin/../../lib/gcc/pic32c/8.3.1/../../../../pic32c/lib/thumb/v6-m/nofp\libc_nano.a(_lib_a-nano-vfprintf.cdnopuxX.o)
                0x00000548                _vfprintf_r_cdnopuxX

.text.xTaskCreate%56
                0x0000090c      0x1d4
 .text.xTaskCreate
                0x0000090c      0x1d4 build/default/production/_ext/404212886/FreeRTOS_tasks.o
                0x0000090c                xTaskCreate

.text%57        0x00000ae0      0x1a4
 .text          0x00000ae0      0x1a4 c:/program files/microchip/xc32/v3.01/bin/bin/../../lib/gcc/pic32c/8.3.1/thumb/v6-m/nofp\libgcc.a(_udivmoddi4.o)
                0x00000ae0                __udivmoddi4

.text.SERCOM5_USART_InterruptHandler%58
                0x00000c84      0x180
 .text.SERCOM5_USART_InterruptHandler
                0x00000c84      0x180 build/default/production/_ext/504274921/plib_sercom5_usart.o
                0x00000c84                SERCOM5_USART_InterruptHandler

.text.xQueueSemaphoreTake%59
                0x00000e04      0x136
 .text.xQueueSemaphoreTake
                0x00000e04      0x136 build/default/production/_ext/404212886/queue.o
                0x00000e04                xQueueSemaphoreTake

.text.SERCOM5_USART_SerialSetup%60
                0x00000f3c      0x134
 .text.SERCOM5_USART_SerialSetup
                0x00000f3c      0x134 build/default/production/_ext/504274921/plib_sercom5_usart.o
                0x00000f3c                SERCOM5_USART_SerialSetup

.text.xTaskIncrementTick%61
                0x00001070      0x11c
 .text.xTaskIncrementTick
                0x00001070      0x11c build/default/production/_ext/404212886/FreeRTOS_tasks.o
                0x00001070                xTaskIncrementTick

.text.__sflush_r%62
                0x0000118c      0x114
 .text.__sflush_r
                0x0000118c      0x114 c:/program files/microchip/xc32/v3.01/bin/bin/../../lib/gcc/pic32c/8.3.1/../../../../pic32c/lib/thumb/v6-m/nofp\libc_nano.a(lib_a-fflush.o)
                0x0000118c                __sflush_r

.text%63        0x000012a0      0x114
 .text          0x000012a0      0x114 c:/program files/microchip/xc32/v3.01/bin/bin/../../lib/gcc/pic32c/8.3.1/thumb/v6-m/nofp\libgcc.a(_udivsi3.o)
                0x000012a0                __aeabi_uidiv
                0x000012a0                __udivsi3
                0x000013ac                __aeabi_uidivmod

.text.DRV_USART_Initialize%64
                0x000013b4      0x108
 .text.DRV_USART_Initialize
                0x000013b4      0x108 build/default/production/_ext/869808652/drv_usart.o
                0x000013b4                DRV_USART_Initialize

.text.xQueueGenericSend%65
                0x000014bc      0x108
 .text.xQueueGenericSend
                0x000014bc      0x108 build/default/production/_ext/404212886/queue.o
                0x000014bc                xQueueGenericSend

.rodata._ctype_%66
                0x000015c4      0x101
 .rodata._ctype_
                0x000015c4      0x101 c:/program files/microchip/xc32/v3.01/bin/bin/../../lib/gcc/pic32c/8.3.1/../../../../pic32c/lib/thumb/v6-m/nofp\libc_nano.a(lib_a-ctype_.o)
                0x000015c4                _ctype_

.text.xQueueReceive%67
                0x000016c6       0xf8
 .text.xQueueReceive
                0x000016c6       0xf8 build/default/production/_ext/404212886/queue.o
                0x000016c6                xQueueReceive

.text.__swsetup_r%68
                0x000017c0       0xec
 .text.__swsetup_r
                0x000017c0       0xec c:/program files/microchip/xc32/v3.01/bin/bin/../../lib/gcc/pic32c/8.3.1/../../../../pic32c/lib/thumb/v6-m/nofp\libc_nano.a(lib_a-wsetup.o)
                0x000017c0                __swsetup_r

.text.DRV_USART_Open%69
                0x000018ac       0xe8
 .text.DRV_USART_Open
                0x000018ac       0xe8 build/default/production/_ext/869808652/drv_usart.o
                0x000018ac                DRV_USART_Open

.text.xTaskResumeAll%70
                0x00001994       0xe0
 .text.xTaskResumeAll
                0x00001994       0xe0 build/default/production/_ext/404212886/FreeRTOS_tasks.o
                0x00001994                xTaskResumeAll

.text._printf_common%71
                0x00001a74       0xda
 .text._printf_common
                0x00001a74       0xda c:/program files/microchip/xc32/v3.01/bin/bin/../../lib/gcc/pic32c/8.3.1/../../../../pic32c/lib/thumb/v6-m/nofp\libc_nano.a(lib_a-nano-vfprintf_i.o)
                0x00001a74                _printf_common

.text.__swbuf_r%72
                0x00001b50       0xcc
 .text.__swbuf_r
                0x00001b50       0xcc c:/program files/microchip/xc32/v3.01/bin/bin/../../lib/gcc/pic32c/8.3.1/../../../../pic32c/lib/thumb/v6-m/nofp\libc_nano.a(lib_a-wbuf.o)
                0x00001b50                __swbuf_r

.text.vTaskSwitchContext%73
                0x00001c1c       0xc4
 .text.vTaskSwitchContext
                0x00001c1c       0xc4 build/default/production/_ext/404212886/FreeRTOS_tasks.o
                0x00001c1c                vTaskSwitchContext

.text.APP1_Tasks%74
                0x00001ce0       0xc0
 .text.APP1_Tasks
                0x00001ce0       0xc0 build/default/production/_ext/1360937237/app1.o
                0x00001ce0                APP1_Tasks

.text.APP2_Tasks%75
                0x00001da0       0xc0
 .text.APP2_Tasks
                0x00001da0       0xc0 build/default/production/_ext/1360937237/app2.o
                0x00001da0                APP2_Tasks

.text._malloc_r%76
                0x00001e60       0xbc
 .text._malloc_r
                0x00001e60       0xbc c:/program files/microchip/xc32/v3.01/bin/bin/../../lib/gcc/pic32c/8.3.1/../../../../pic32c/lib/thumb/v6-m/nofp\libc_nano.a(lib_a-nano-mallocr.o)
                0x00001e60                _malloc_r

.text.CLOCK_Initialize%77
                0x00001f1c       0x9c
 .text.CLOCK_Initialize
                0x00001f1c       0x9c build/default/production/_ext/1984496892/plib_clock.o
                0x00001f1c                CLOCK_Initialize

.text.DRV_USART_WriteBuffer%78
                0x00001fb8       0x94
 .text.DRV_USART_WriteBuffer
                0x00001fb8       0x94 build/default/production/_ext/869808652/drv_usart.o
                0x00001fb8                DRV_USART_WriteBuffer

.text.__smakebuf_r%79
                0x0000204c       0x94
 .text.__smakebuf_r